[2020-05-11T15:45:32.962+0300][0.023s][info][gc] Using Serial
[2020-05-11T15:45:36.405+0300][3.466s][info][gc] GC(0) Pause Young (Allocation Failure) 273M->19M(989M) 48.306ms
[2020-05-11T15:45:38.171+0300][5.232s][info][gc] GC(1) Pause Young (Allocation Failure) 292M->37M(989M) 65.802ms
[2020-05-11T15:45:39.328+0300][6.389s][info][gc] GC(2) Pause Young (Allocation Failure) 311M->56M(989M) 52.098ms
[2020-05-11T15:45:40.514+0300][7.575s][info][gc] GC(3) Pause Young (Allocation Failure) 329M->72M(989M) 53.881ms
[2020-05-11T15:45:41.708+0300][8.769s][info][gc] GC(4) Pause Young (Allocation Failure) 345M->102M(989M) 73.351ms
[2020-05-11T15:45:42.936+0300][9.997s][info][gc] GC(5) Pause Young (Allocation Failure) 375M->118M(989M) 93.839ms
[2020-05-11T15:45:44.127+0300][11.188s][info][gc] GC(6) Pause Young (Allocation Failure) 391M->156M(989M) 110.570ms
[2020-05-11T15:45:45.385+0300][12.446s][info][gc] GC(7) Pause Young (Allocation Failure) 429M->171M(989M) 87.136ms
[2020-05-11T15:45:46.626+0300][13.688s][info][gc] GC(8) Pause Young (Allocation Failure) 444M->187M(989M) 77.306ms
[2020-05-11T15:45:47.775+0300][14.836s][info][gc] GC(9) Pause Young (Allocation Failure) 460M->236M(989M) 128.170ms
[2020-05-11T15:45:49.152+0300][16.212s][info][gc] GC(10) Pause Young (Allocation Failure) 509M->252M(989M) 89.749ms
[2020-05-11T15:45:50.372+0300][17.433s][info][gc] GC(11) Pause Young (Allocation Failure) 525M->268M(989M) 81.130ms
[2020-05-11T15:45:51.671+0300][18.732s][info][gc] GC(12) Pause Young (Allocation Failure) 541M->283M(989M) 76.233ms
[2020-05-11T15:45:52.988+0300][20.050s][info][gc] GC(13) Pause Young (Allocation Failure) 540M->298M(989M) 99.687ms
[2020-05-11T15:45:54.210+0300][21.271s][info][gc] GC(14) Pause Young (Allocation Failure) 571M->364M(989M) 151.139ms
[2020-05-11T15:45:55.595+0300][22.657s][info][gc] GC(15) Pause Young (Allocation Failure) 637M->380M(989M) 84.175ms
[2020-05-11T15:45:57.139+0300][24.200s][info][gc] GC(16) Pause Young (Allocation Failure) 653M->395M(989M) 86.031ms
[2020-05-11T15:45:58.632+0300][25.693s][info][gc] GC(17) Pause Young (Allocation Failure) 668M->411M(989M) 82.075ms
[2020-05-11T15:46:00.175+0300][27.236s][info][gc] GC(18) Pause Young (Allocation Failure) 684M->427M(989M) 103.436ms
[2020-05-11T15:46:01.666+0300][28.727s][info][gc] GC(19) Pause Young (Allocation Failure) 700M->443M(989M) 85.487ms
[2020-05-11T15:46:02.900+0300][29.961s][info][gc] GC(20) Pause Young (Allocation Failure) 688M->457M(989M) 72.225ms
[2020-05-11T15:46:04.470+0300][31.531s][info][gc] GC(21) Pause Young (Allocation Failure) 730M->547M(989M) 173.450ms
[2020-05-11T15:46:06.014+0300][33.074s][info][gc] GC(22) Pause Young (Allocation Failure) 820M->563M(989M) 84.976ms
[2020-05-11T15:46:07.510+0300][34.570s][info][gc] GC(23) Pause Young (Allocation Failure) 836M->579M(989M) 79.852ms
[2020-05-11T15:46:08.972+0300][36.032s][info][gc] GC(24) Pause Young (Allocation Failure) 852M->594M(989M) 85.764ms
[2020-05-11T15:46:10.419+0300][37.479s][info][gc] GC(25) Pause Young (Allocation Failure) 868M->610M(989M) 83.148ms
[2020-05-11T15:46:11.913+0300][38.974s][info][gc] GC(26) Pause Young (Allocation Failure) 883M->626M(989M) 94.676ms
[2020-05-11T15:46:13.371+0300][40.432s][info][gc] GC(27) Pause Young (Allocation Failure) 899M->642M(989M) 78.516ms
[2020-05-11T15:46:14.779+0300][41.840s][info][gc] GC(28) Pause Young (Allocation Failure) 915M->658M(989M) 83.664ms
[2020-05-11T15:46:16.197+0300][43.258s][info][gc] GC(29) Pause Young (Allocation Failure) 931M->673M(989M) 88.144ms
[2020-05-11T15:46:18.364+0300][45.425s][info][gc] GC(31) Pause Full (Allocation Failure) 946M->578M(989M) 837.023ms
[2020-05-11T15:46:18.364+0300][45.425s][info][gc] GC(30) Pause Young (Allocation Failure) 946M->578M(989M) 837.102ms
[2020-05-11T15:46:19.912+0300][46.972s][info][gc] GC(33) Pause Full (Allocation Failure) 860M->626M(989M) 706.843ms
[2020-05-11T15:46:19.912+0300][46.972s][info][gc] GC(32) Pause Young (Allocation Failure) 851M->626M(989M) 863.370ms
[2020-05-11T15:46:21.188+0300][48.250s][info][gc] GC(34) Pause Young (Allocation Failure) 899M->642M(989M) 37.760ms
[2020-05-11T15:46:22.625+0300][49.686s][info][gc] GC(35) Pause Young (Allocation Failure) 915M->658M(989M) 63.232ms
[2020-05-11T15:46:24.223+0300][51.285s][info][gc] GC(36) Pause Young (Allocation Failure) 931M->673M(989M) 70.918ms
[2020-05-11T15:46:26.483+0300][53.545s][info][gc] GC(38) Pause Full (Allocation Failure) 946M->689M(989M) 850.025ms
[2020-05-11T15:46:26.483+0300][53.545s][info][gc] GC(37) Pause Young (Allocation Failure) 946M->689M(989M) 850.124ms
[2020-05-11T15:46:29.109+0300][56.170s][info][gc] GC(39) Pause Full (Allocation Failure) 989M->680M(989M) 1053.547ms
[2020-05-11T15:46:31.131+0300][58.192s][info][gc] GC(41) Pause Full (Allocation Failure) 954M->696M(989M) 863.576ms
[2020-05-11T15:46:31.132+0300][58.192s][info][gc] GC(40) Pause Young (Allocation Failure) 954M->696M(989M) 863.666ms
[2020-05-11T15:46:34.173+0300][61.234s][info][gc] GC(42) Pause Full (Allocation Failure) 989M->713M(989M) 845.385ms
[2020-05-11T15:46:36.487+0300][63.548s][info][gc] GC(43) Pause Full (Allocation Failure) 989M->729M(989M) 861.974ms
[2020-05-11T15:46:38.753+0300][65.815s][info][gc] GC(44) Pause Full (Allocation Failure) 989M->744M(989M) 911.380ms
[2020-05-11T15:46:40.920+0300][67.981s][info][gc] GC(45) Pause Full (Allocation Failure) 989M->758M(989M) 881.585ms
[2020-05-11T15:46:43.018+0300][70.079s][info][gc] GC(46) Pause Full (Allocation Failure) 989M->772M(989M) 894.580ms
[2020-05-11T15:46:45.039+0300][72.100s][info][gc] GC(47) Pause Full (Allocation Failure) 989M->784M(989M) 896.937ms
[2020-05-11T15:46:47.024+0300][74.086s][info][gc] GC(48) Pause Full (Allocation Failure) 989M->796M(989M) 952.450ms
[2020-05-11T15:46:48.999+0300][76.060s][info][gc] GC(49) Pause Full (Allocation Failure) 989M->807M(989M) 981.526ms
[2020-05-11T15:46:51.084+0300][78.146s][info][gc] GC(50) Pause Full (Allocation Failure) 989M->818M(989M) 921.425ms
[2020-05-11T15:46:53.014+0300][80.076s][info][gc] GC(51) Pause Full (Allocation Failure) 989M->828M(989M) 904.143ms
[2020-05-11T15:46:54.377+0300][81.438s][info][gc] GC(52) Pause Full (Allocation Failure) 939M->834M(989M) 930.896ms
[2020-05-11T15:46:55.460+0300][82.522s][info][gc] GC(53) Pause Full (Allocation Failure) 834M->834M(989M) 1081.000ms
