[2020-05-11T15:48:49.935+0300][0.019s][info][gc] Using Parallel
[2020-05-11T15:48:53.451+0300][3.537s][info][gc] GC(0) Pause Young (Allocation Failure) 256M->18M(981M) 38.606ms
[2020-05-11T15:48:54.754+0300][4.839s][info][gc] GC(1) Pause Young (Allocation Failure) 274M->34M(981M) 45.218ms
[2020-05-11T15:48:55.875+0300][5.960s][info][gc] GC(2) Pause Young (Allocation Failure) 290M->50M(981M) 55.828ms
[2020-05-11T15:48:56.922+0300][7.007s][info][gc] GC(3) Pause Young (Allocation Failure) 306M->68M(981M) 57.773ms
[2020-05-11T15:48:58.006+0300][8.091s][info][gc] GC(4) Pause Young (Allocation Failure) 324M->87M(981M) 72.968ms
[2020-05-11T15:48:59.084+0300][9.170s][info][gc] GC(5) Pause Young (Allocation Failure) 343M->102M(901M) 56.440ms
[2020-05-11T15:48:59.854+0300][9.939s][info][gc] GC(6) Pause Young (Allocation Failure) 278M->112M(941M) 44.854ms
[2020-05-11T15:49:00.605+0300][10.690s][info][gc] GC(7) Pause Young (Allocation Failure) 288M->129M(936M) 54.982ms
[2020-05-11T15:49:01.403+0300][11.488s][info][gc] GC(8) Pause Young (Allocation Failure) 303M->139M(940M) 71.410ms
[2020-05-11T15:49:02.175+0300][12.260s][info][gc] GC(9) Pause Young (Allocation Failure) 313M->149M(939M) 76.551ms
[2020-05-11T15:49:02.969+0300][13.054s][info][gc] GC(10) Pause Young (Allocation Failure) 324M->159M(868M) 85.191ms
[2020-05-11T15:49:03.639+0300][13.724s][info][gc] GC(11) Pause Young (Allocation Failure) 334M->203M(942M) 61.133ms
[2020-05-11T15:49:04.424+0300][14.509s][info][gc] GC(12) Pause Young (Allocation Failure) 376M->213M(938M) 56.608ms
[2020-05-11T15:49:05.226+0300][15.311s][info][gc] GC(13) Pause Young (Allocation Failure) 386M->223M(939M) 79.635ms
[2020-05-11T15:49:06.009+0300][16.095s][info][gc] GC(14) Pause Young (Allocation Failure) 396M->233M(940M) 84.263ms
[2020-05-11T15:49:06.810+0300][16.896s][info][gc] GC(15) Pause Young (Allocation Failure) 406M->243M(940M) 69.974ms
[2020-05-11T15:49:07.642+0300][17.728s][info][gc] GC(16) Pause Young (Allocation Failure) 416M->253M(940M) 73.431ms
[2020-05-11T15:49:08.490+0300][18.575s][info][gc] GC(17) Pause Young (Allocation Failure) 426M->263M(944M) 71.938ms
[2020-05-11T15:49:09.245+0300][19.331s][info][gc] GC(18) Pause Young (Allocation Failure) 442M->273M(942M) 66.371ms
[2020-05-11T15:49:09.817+0300][19.903s][info][gc] GC(19) Pause Young (Allocation Failure) 452M->333M(931M) 63.852ms
[2020-05-11T15:49:10.694+0300][20.779s][info][gc] GC(20) Pause Young (Allocation Failure) 503M->343M(938M) 97.210ms
[2020-05-11T15:49:11.498+0300][21.583s][info][gc] GC(21) Pause Young (Allocation Failure) 513M->353M(943M) 82.030ms
[2020-05-11T15:49:12.300+0300][22.385s][info][gc] GC(22) Pause Young (Allocation Failure) 531M->364M(941M) 83.201ms
[2020-05-11T15:49:13.115+0300][23.201s][info][gc] GC(23) Pause Young (Allocation Failure) 541M->374M(949M) 77.641ms
[2020-05-11T15:49:14.034+0300][24.119s][info][gc] GC(24) Pause Young (Allocation Failure) 563M->385M(946M) 124.900ms
[2020-05-11T15:49:14.856+0300][24.941s][info][gc] GC(25) Pause Young (Allocation Failure) 574M->396M(955M) 81.878ms
[2020-05-11T15:49:15.802+0300][25.887s][info][gc] GC(26) Pause Young (Allocation Failure) 597M->408M(952M) 90.821ms
[2020-05-11T15:49:16.870+0300][26.956s][info][gc] GC(27) Pause Young (Allocation Failure) 609M->419M(962M) 112.747ms
[2020-05-11T15:49:18.039+0300][28.125s][info][gc] GC(28) Pause Young (Allocation Failure) 633M->432M(959M) 113.916ms
[2020-05-11T15:49:18.864+0300][28.949s][info][gc] GC(29) Pause Young (Allocation Failure) 646M->519M(967M) 144.657ms
[2020-05-11T15:49:20.011+0300][30.096s][info][gc] GC(30) Pause Young (Allocation Failure) 744M->532M(965M) 107.088ms
[2020-05-11T15:49:21.253+0300][31.338s][info][gc] GC(31) Pause Young (Allocation Failure) 757M->545M(973M) 120.517ms
[2020-05-11T15:49:22.598+0300][32.684s][info][gc] GC(32) Pause Young (Allocation Failure) 782M->559M(970M) 121.430ms
[2020-05-11T15:49:23.855+0300][33.941s][info][gc] GC(33) Pause Young (Allocation Failure) 796M->572M(979M) 124.550ms
[2020-05-11T15:49:25.145+0300][35.231s][info][gc] GC(34) Pause Young (Allocation Failure) 821M->587M(976M) 124.782ms
[2020-05-11T15:49:26.499+0300][36.584s][info][gc] GC(35) Pause Young (Allocation Failure) 836M->601M(984M) 141.863ms
[2020-05-11T15:49:27.842+0300][37.928s][info][gc] GC(36) Pause Young (Allocation Failure) 861M->616M(982M) 130.107ms
[2020-05-11T15:49:29.182+0300][39.266s][info][gc] GC(37) Pause Young (Allocation Failure) 876M->631M(988M) 144.275ms
[2020-05-11T15:49:30.609+0300][40.694s][info][gc] GC(38) Pause Young (Allocation Failure) 899M->647M(986M) 142.665ms
[2020-05-11T15:49:32.052+0300][42.137s][info][gc] GC(39) Pause Young (Allocation Failure) 915M->663M(992M) 145.967ms
[2020-05-11T15:49:33.909+0300][43.995s][info][gc] GC(40) Pause Full (Ergonomics) 663M->549M(990M) 1857.123ms
[2020-05-11T15:49:34.700+0300][44.785s][info][gc] GC(41) Pause Young (Allocation Failure) 825M->677M(993M) 131.859ms
[2020-05-11T15:49:35.597+0300][45.683s][info][gc] GC(42) Pause Full (Ergonomics) 677M->598M(992M) 898.047ms
[2020-05-11T15:49:36.949+0300][47.034s][info][gc] GC(43) Pause Young (Allocation Failure) 876M->614M(994M) 104.417ms
[2020-05-11T15:49:38.452+0300][48.537s][info][gc] GC(44) Pause Young (Allocation Failure) 894M->630M(993M) 161.602ms
[2020-05-11T15:49:39.975+0300][50.061s][info][gc] GC(45) Pause Young (Allocation Failure) 910M->646M(989M) 166.508ms
[2020-05-11T15:49:41.512+0300][51.598s][info][gc] GC(46) Pause Full (Ergonomics) 646M->646M(991M) 1537.244ms
[2020-05-11T15:49:43.697+0300][53.782s][info][gc] GC(47) Pause Full (Ergonomics) 921M->662M(991M) 987.184ms
[2020-05-11T15:49:45.902+0300][55.987s][info][gc] GC(48) Pause Full (Ergonomics) 937M->678M(991M) 1026.716ms
[2020-05-11T15:49:48.184+0300][58.269s][info][gc] GC(49) Pause Full (Ergonomics) 953M->693M(991M) 1074.823ms
[2020-05-11T15:49:50.527+0300][60.612s][info][gc] GC(50) Pause Full (Ergonomics) 957M->709M(991M) 1128.334ms
[2020-05-11T15:49:52.641+0300][62.727s][info][gc] GC(51) Pause Full (Ergonomics) 957M->723M(991M) 1076.144ms
[2020-05-11T15:49:54.858+0300][64.944s][info][gc] GC(52) Pause Full (Ergonomics) 957M->737M(991M) 1218.933ms
[2020-05-11T15:49:57.002+0300][67.087s][info][gc] GC(53) Pause Full (Ergonomics) 957M->749M(991M) 1203.870ms
[2020-05-11T15:49:59.173+0300][69.258s][info][gc] GC(54) Pause Full (Ergonomics) 957M->761M(991M) 1183.259ms
[2020-05-11T15:50:01.222+0300][71.307s][info][gc] GC(55) Pause Full (Ergonomics) 957M->773M(991M) 1233.555ms
[2020-05-11T15:50:03.184+0300][73.269s][info][gc] GC(56) Pause Full (Ergonomics) 957M->783M(991M) 1178.068ms
[2020-05-11T15:50:05.090+0300][75.175s][info][gc] GC(57) Pause Full (Ergonomics) 957M->794M(991M) 1203.955ms
[2020-05-11T15:50:07.076+0300][77.162s][info][gc] GC(58) Pause Full (Ergonomics) 957M->803M(991M) 1253.088ms
[2020-05-11T15:50:08.973+0300][79.059s][info][gc] GC(59) Pause Full (Ergonomics) 957M->812M(991M) 1233.002ms
[2020-05-11T15:50:10.753+0300][80.838s][info][gc] GC(60) Pause Full (Ergonomics) 957M->820M(991M) 1207.254ms
[2020-05-11T15:50:12.644+0300][82.730s][info][gc] GC(61) Pause Full (Ergonomics) 957M->828M(991M) 1342.765ms
[2020-05-11T15:50:14.275+0300][84.360s][info][gc] GC(62) Pause Full (Ergonomics) 930M->834M(991M) 1228.858ms
[2020-05-11T15:50:15.743+0300][85.829s][info][gc] GC(63) Pause Full (Allocation Failure) 834M->834M(991M) 1468.107ms
