[2020-05-11T15:41:36.512+0300][0.030s][debug][gc] ConcGCThreads: 1 offset 8
[2020-05-11T15:41:36.512+0300][0.030s][debug][gc] ParallelGCThreads: 4
[2020-05-11T15:41:36.512+0300][0.030s][debug][gc] Initialize mark stack with 4096 chunks, maximum 16384
[2020-05-11T15:41:36.526+0300][0.045s][info ][gc] Using G1
[2020-05-11T15:41:36.552+0300][0.070s][info ][gc] Periodic GC disabled
[2020-05-11T15:41:37.655+0300][1.173s][info ][gc] GC(0) Pause Young (Normal) (G1 Evacuation Pause) 51M->5M(1024M) 13.732ms
[2020-05-11T15:41:38.312+0300][1.831s][info ][gc] GC(1) Pause Young (Normal) (G1 Evacuation Pause) 52M->9M(1024M) 9.492ms
[2020-05-11T15:41:38.677+0300][2.196s][info ][gc] GC(2) Pause Young (Normal) (G1 Evacuation Pause) 66M->14M(1024M) 11.118ms
[2020-05-11T15:41:38.977+0300][2.495s][info ][gc] GC(3) Pause Young (Normal) (G1 Evacuation Pause) 68M->21M(1024M) 12.316ms
[2020-05-11T15:41:39.327+0300][2.846s][info ][gc] GC(4) Pause Young (Normal) (G1 Evacuation Pause) 83M->28M(1024M) 14.975ms
[2020-05-11T15:41:39.932+0300][3.450s][info ][gc] GC(5) Pause Young (Normal) (G1 Evacuation Pause) 129M->39M(1024M) 19.136ms
[2020-05-11T15:41:40.762+0300][4.281s][info ][gc] GC(6) Pause Young (Normal) (G1 Evacuation Pause) 155M->46M(1024M) 26.348ms
[2020-05-11T15:41:42.104+0300][5.622s][info ][gc] GC(7) Pause Young (Normal) (G1 Evacuation Pause) 245M->64M(1024M) 34.196ms
[2020-05-11T15:41:43.659+0300][7.177s][info ][gc] GC(8) Pause Young (Normal) (G1 Evacuation Pause) 262M->85M(1024M) 53.845ms
[2020-05-11T15:41:45.947+0300][9.465s][info ][gc] GC(9) Pause Young (Normal) (G1 Evacuation Pause) 386M->119M(1024M) 70.888ms
[2020-05-11T15:41:47.334+0300][10.853s][info ][gc] GC(10) Pause Young (Normal) (G1 Evacuation Pause) 415M->138M(1024M) 58.062ms
[2020-05-11T15:41:48.836+0300][12.354s][info ][gc] GC(11) Pause Young (Normal) (G1 Evacuation Pause) 458M->180M(1024M) 71.843ms
[2020-05-11T15:41:50.629+0300][14.147s][info ][gc] GC(12) Pause Young (Normal) (G1 Evacuation Pause) 519M->200M(1024M) 71.246ms
[2020-05-11T15:41:53.164+0300][16.683s][info ][gc] GC(13) Pause Young (Normal) (G1 Evacuation Pause) 735M->267M(1024M) 107.888ms
[2020-05-11T15:41:55.838+0300][19.357s][info ][gc] GC(14) Pause Young (Normal) (G1 Evacuation Pause) 818M->299M(1024M) 118.843ms
[2020-05-11T15:41:58.384+0300][21.903s][info ][gc] GC(15) Pause Young (Normal) (G1 Evacuation Pause) 829M->331M(1024M) 118.234ms
[2020-05-11T15:42:02.010+0300][25.529s][info ][gc] GC(16) Pause Young (Normal) (G1 Evacuation Pause) 838M->411M(1024M) 132.562ms
[2020-05-11T15:42:04.456+0300][27.974s][info ][gc] GC(17) Pause Young (Normal) (G1 Evacuation Pause) 858M->439M(1024M) 100.374ms
[2020-05-11T15:42:07.378+0300][30.896s][info ][gc] GC(18) Pause Young (Normal) (G1 Evacuation Pause) 865M->464M(1024M) 80.104ms
[2020-05-11T15:42:09.574+0300][33.093s][info ][gc] GC(19) Pause Young (Normal) (G1 Evacuation Pause) 867M->488M(1024M) 87.236ms
[2020-05-11T15:42:10.386+0300][33.904s][info ][gc] GC(20) Pause Young (Concurrent Start) (G1 Humongous Allocation) 623M->496M(1024M) 57.934ms
[2020-05-11T15:42:10.386+0300][33.904s][info ][gc] GC(21) Concurrent Cycle
[2020-05-11T15:42:11.219+0300][34.737s][debug][gc] GC(21) Reclaimed 110 empty regions
[2020-05-11T15:42:11.219+0300][34.737s][info ][gc] GC(21) Pause Remark 671M->561M(1024M) 1.019ms
[2020-05-11T15:42:11.997+0300][35.516s][info ][gc] GC(21) Pause Cleanup 674M->674M(1024M) 0.280ms
[2020-05-11T15:42:12.008+0300][35.527s][info ][gc] GC(21) Concurrent Cycle 1622.210ms
[2020-05-11T15:42:12.802+0300][36.321s][info ][gc] GC(22) Pause Young (Normal) (G1 Evacuation Pause) 814M->488M(1024M) 73.383ms
[2020-05-11T15:42:14.628+0300][38.147s][info ][gc] GC(23) Pause Young (Normal) (G1 Evacuation Pause) 848M->510M(1024M) 57.444ms
[2020-05-11T15:42:16.367+0300][39.885s][info ][gc] GC(24) Pause Young (Concurrent Start) (G1 Evacuation Pause) 857M->531M(1024M) 61.391ms
[2020-05-11T15:42:16.367+0300][39.886s][info ][gc] GC(25) Concurrent Cycle
[2020-05-11T15:42:17.052+0300][40.570s][debug][gc] GC(25) Reclaimed 53 empty regions
[2020-05-11T15:42:17.052+0300][40.570s][info ][gc] GC(25) Pause Remark 623M->570M(1024M) 0.817ms
[2020-05-11T15:42:17.754+0300][41.273s][info ][gc] GC(25) Pause Cleanup 680M->680M(1024M) 0.233ms
[2020-05-11T15:42:17.763+0300][41.281s][info ][gc] GC(25) Concurrent Cycle 1395.829ms
[2020-05-11T15:42:18.411+0300][41.930s][info ][gc] GC(26) Pause Young (Normal) (G1 Evacuation Pause) 811M->498M(1024M) 64.723ms
[2020-05-11T15:42:20.252+0300][43.771s][info ][gc] GC(27) Pause Young (Normal) (G1 Evacuation Pause) 858M->521M(1024M) 59.872ms
[2020-05-11T15:42:22.124+0300][45.643s][info ][gc] GC(28) Pause Young (Concurrent Start) (G1 Evacuation Pause) 867M->541M(1024M) 74.166ms
[2020-05-11T15:42:22.124+0300][45.643s][info ][gc] GC(29) Concurrent Cycle
[2020-05-11T15:42:22.941+0300][46.459s][info ][gc] GC(29) Pause Remark 661M->661M(1024M) 0.853ms
[2020-05-11T15:42:23.792+0300][47.310s][info ][gc] GC(29) Pause Cleanup 794M->794M(1024M) 0.280ms
[2020-05-11T15:42:23.794+0300][47.312s][info ][gc] GC(29) Concurrent Cycle 1669.640ms
[2020-05-11T15:42:24.234+0300][47.752s][info ][gc] GC(30) Pause Young (Normal) (G1 Evacuation Pause) 871M->562M(1024M) 64.851ms
[2020-05-11T15:42:25.824+0300][49.343s][info ][gc] GC(31) Pause Young (Concurrent Start) (G1 Evacuation Pause) 875M->581M(1024M) 63.327ms
[2020-05-11T15:42:25.824+0300][49.343s][info ][gc] GC(32) Concurrent Cycle
[2020-05-11T15:42:26.757+0300][50.276s][info ][gc] GC(32) Pause Remark 827M->827M(1024M) 0.717ms
[2020-05-11T15:42:27.965+0300][51.484s][info ][gc] GC(33) To-space exhausted
[2020-05-11T15:42:27.965+0300][51.484s][info ][gc] GC(33) Pause Young (Normal) (G1 Evacuation Pause) 998M->719M(1024M) 130.985ms
[2020-05-11T15:42:27.983+0300][51.501s][info ][gc] GC(32) Pause Cleanup 720M->720M(1024M) 0.334ms
[2020-05-11T15:42:27.985+0300][51.503s][info ][gc] GC(32) Concurrent Cycle 2159.969ms
[2020-05-11T15:42:28.858+0300][52.377s][info ][gc] GC(34) Pause Young (Normal) (G1 Evacuation Pause) 897M->731M(1024M) 31.659ms
[2020-05-11T15:42:29.660+0300][53.179s][info ][gc] GC(35) Pause Young (Concurrent Start) (G1 Evacuation Pause) 898M->741M(1024M) 20.978ms
[2020-05-11T15:42:29.660+0300][53.179s][info ][gc] GC(36) Concurrent Cycle
[2020-05-11T15:42:30.664+0300][54.182s][debug][gc] GC(36) Reclaimed 81 empty regions
[2020-05-11T15:42:30.664+0300][54.182s][info ][gc] GC(36) Pause Remark 884M->803M(1024M) 0.789ms
[2020-05-11T15:42:30.804+0300][54.323s][info ][gc] GC(37) Pause Young (Normal) (G1 Evacuation Pause) 817M->669M(1024M) 38.920ms
[2020-05-11T15:42:31.714+0300][55.232s][info ][gc] GC(36) Pause Cleanup 799M->799M(1024M) 0.347ms
[2020-05-11T15:42:31.716+0300][55.234s][info ][gc] GC(36) Concurrent Cycle 2054.836ms
[2020-05-11T15:42:32.121+0300][55.639s][info ][gc] GC(38) Pause Young (Normal) (G1 Evacuation Pause) 873M->682M(1024M) 32.536ms
[2020-05-11T15:42:33.106+0300][56.625s][info ][gc] GC(39) Pause Young (Concurrent Start) (G1 Evacuation Pause) 881M->694M(1024M) 30.826ms
[2020-05-11T15:42:33.106+0300][56.625s][info ][gc] GC(40) Concurrent Cycle
[2020-05-11T15:42:34.180+0300][57.698s][info ][gc] GC(40) Pause Remark 857M->857M(1024M) 0.736ms
[2020-05-11T15:42:34.456+0300][57.975s][info ][gc] GC(41) Pause Young (Normal) (G1 Evacuation Pause) 887M->705M(1024M) 38.203ms
[2020-05-11T15:42:35.293+0300][58.811s][info ][gc] GC(40) Pause Cleanup 828M->828M(1024M) 0.382ms
[2020-05-11T15:42:35.295+0300][58.814s][info ][gc] GC(40) Concurrent Cycle 2189.109ms
[2020-05-11T15:42:35.640+0300][59.159s][info ][gc] GC(42) Pause Young (Normal) (G1 Evacuation Pause) 891M->717M(1024M) 34.076ms
[2020-05-11T15:42:36.527+0300][60.045s][info ][gc] GC(43) Pause Young (Concurrent Start) (G1 Evacuation Pause) 896M->728M(1024M) 31.124ms
[2020-05-11T15:42:36.527+0300][60.045s][info ][gc] GC(44) Concurrent Cycle
[2020-05-11T15:42:37.647+0300][61.166s][info ][gc] GC(44) Pause Remark 888M->888M(1024M) 0.998ms
[2020-05-11T15:42:37.745+0300][61.263s][info ][gc] GC(45) Pause Young (Normal) (G1 Evacuation Pause) 899M->738M(1024M) 30.765ms
[2020-05-11T15:42:38.828+0300][62.346s][info ][gc] GC(46) Pause Young (Normal) (G1 Evacuation Pause) 899M->749M(1024M) 29.527ms
[2020-05-11T15:42:38.850+0300][62.369s][info ][gc] GC(44) Pause Cleanup 754M->754M(1024M) 0.372ms
[2020-05-11T15:42:38.853+0300][62.371s][info ][gc] GC(44) Concurrent Cycle 2325.529ms
[2020-05-11T15:42:39.555+0300][63.073s][info ][gc] GC(47) Pause Young (Normal) (G1 Evacuation Pause) 899M->758M(1024M) 28.519ms
[2020-05-11T15:42:40.318+0300][63.836s][info ][gc] GC(48) Pause Young (Concurrent Start) (G1 Evacuation Pause) 901M->767M(1024M) 34.275ms
[2020-05-11T15:42:40.318+0300][63.836s][info ][gc] GC(49) Concurrent Cycle
[2020-05-11T15:42:41.168+0300][64.687s][info ][gc] GC(50) Pause Young (Normal) (G1 Evacuation Pause) 902M->776M(1024M) 23.291ms
[2020-05-11T15:42:41.554+0300][65.073s][info ][gc] GC(49) Pause Remark 841M->841M(1024M) 0.703ms
[2020-05-11T15:42:42.006+0300][65.525s][info ][gc] GC(51) Pause Young (Normal) (G1 Evacuation Pause) 903M->784M(1024M) 23.519ms
[2020-05-11T15:42:42.815+0300][66.333s][info ][gc] GC(52) Pause Young (Normal) (G1 Evacuation Pause) 902M->792M(1024M) 35.147ms
[2020-05-11T15:42:42.856+0300][66.375s][info ][gc] GC(49) Pause Cleanup 799M->799M(1024M) 0.357ms
[2020-05-11T15:42:42.858+0300][66.377s][info ][gc] GC(49) Concurrent Cycle 2540.420ms
[2020-05-11T15:42:43.369+0300][66.887s][info ][gc] GC(53) Pause Young (Normal) (G1 Evacuation Pause) 904M->800M(1024M) 21.048ms
[2020-05-11T15:42:43.868+0300][67.387s][info ][gc] GC(54) Pause Young (Concurrent Start) (G1 Evacuation Pause) 906M->805M(1024M) 19.326ms
[2020-05-11T15:42:43.869+0300][67.387s][info ][gc] GC(55) Concurrent Cycle
[2020-05-11T15:42:44.537+0300][68.056s][info ][gc] GC(56) Pause Young (Normal) (G1 Evacuation Pause) 905M->812M(1024M) 19.567ms
[2020-05-11T15:42:45.173+0300][68.691s][info ][gc] GC(55) Pause Remark 906M->906M(1024M) 0.910ms
[2020-05-11T15:42:45.196+0300][68.714s][info ][gc] GC(57) Pause Young (Normal) (G1 Evacuation Pause) 907M->817M(1024M) 19.502ms
[2020-05-11T15:42:45.790+0300][69.309s][info ][gc] GC(58) Pause Young (Normal) (G1 Evacuation Pause) 908M->823M(1024M) 17.238ms
[2020-05-11T15:42:46.409+0300][69.928s][info ][gc] GC(59) Pause Young (Normal) (G1 Evacuation Pause) 907M->829M(1024M) 16.222ms
[2020-05-11T15:42:46.535+0300][70.054s][info ][gc] GC(55) Pause Cleanup 850M->850M(1024M) 0.360ms
[2020-05-11T15:42:46.537+0300][70.055s][info ][gc] GC(55) Concurrent Cycle 2668.088ms
[2020-05-11T15:42:46.851+0300][70.370s][info ][gc] GC(60) Pause Young (Normal) (G1 Evacuation Pause) 909M->834M(1024M) 15.188ms
[2020-05-11T15:42:47.240+0300][70.758s][info ][gc] GC(61) Pause Young (Concurrent Start) (G1 Evacuation Pause) 908M->839M(1024M) 14.976ms
[2020-05-11T15:42:47.240+0300][70.759s][info ][gc] GC(62) Concurrent Cycle
[2020-05-11T15:42:47.705+0300][71.224s][info ][gc] GC(63) Pause Young (Normal) (G1 Evacuation Pause) 910M->843M(1024M) 13.710ms
[2020-05-11T15:42:48.177+0300][71.695s][info ][gc] GC(64) Pause Young (Normal) (G1 Evacuation Pause) 911M->848M(1024M) 13.879ms
[2020-05-11T15:42:48.589+0300][72.107s][info ][gc] GC(65) Pause Young (Normal) (G1 Evacuation Pause) 911M->852M(1024M) 13.034ms
[2020-05-11T15:42:48.605+0300][72.124s][info ][gc] GC(62) Pause Remark 854M->854M(1024M) 0.731ms
[2020-05-11T15:42:48.960+0300][72.478s][info ][gc] GC(66) Pause Young (Normal) (G1 Evacuation Pause) 911M->855M(1024M) 11.655ms
[2020-05-11T15:42:49.360+0300][72.878s][info ][gc] GC(67) Pause Young (Normal) (G1 Evacuation Pause) 912M->859M(1024M) 11.428ms
[2020-05-11T15:42:49.674+0300][73.193s][info ][gc] GC(68) Pause Young (Normal) (G1 Evacuation Pause) 912M->862M(1024M) 11.459ms
[2020-05-11T15:42:50.004+0300][73.523s][info ][gc] GC(69) Pause Young (Normal) (G1 Evacuation Pause) 913M->866M(1024M) 9.830ms
[2020-05-11T15:42:50.320+0300][73.839s][info ][gc] GC(62) Pause Cleanup 873M->873M(1024M) 0.354ms
[2020-05-11T15:42:50.322+0300][73.841s][info ][gc] GC(62) Concurrent Cycle 3082.313ms
[2020-05-11T15:42:50.482+0300][74.001s][info ][gc] GC(70) Pause Young (Normal) (G1 Evacuation Pause) 913M->869M(1024M) 9.246ms
[2020-05-11T15:42:50.681+0300][74.200s][info ][gc] GC(71) Pause Young (Concurrent Start) (G1 Evacuation Pause) 913M->872M(1024M) 8.912ms
[2020-05-11T15:42:50.681+0300][74.200s][info ][gc] GC(72) Concurrent Cycle
[2020-05-11T15:42:50.974+0300][74.493s][info ][gc] GC(73) Pause Young (Normal) (G1 Evacuation Pause) 917M->875M(1024M) 8.740ms
[2020-05-11T15:42:51.314+0300][74.832s][info ][gc] GC(74) Pause Young (Normal) (G1 Evacuation Pause) 920M->878M(1024M) 8.975ms
[2020-05-11T15:42:51.490+0300][75.009s][info ][gc] GC(75) Pause Young (Normal) (G1 Humongous Allocation) 904M->879M(1024M) 7.724ms
[2020-05-11T15:42:51.495+0300][75.013s][debug][gc] GC(76) Clear Next Bitmap 2.372ms
[2020-05-11T15:42:52.323+0300][75.841s][info ][gc] GC(76) Pause Full (G1 Humongous Allocation) 879M->834M(1024M) 830.290ms
[2020-05-11T15:42:52.324+0300][75.842s][info ][gc] GC(72) Concurrent Cycle 1642.172ms
[2020-05-11T15:42:52.485+0300][76.004s][info ][gc] GC(77) To-space exhausted
[2020-05-11T15:42:52.485+0300][76.004s][info ][gc] GC(77) Pause Young (Normal) (G1 Evacuation Pause) 1021M->1021M(1024M) 4.786ms
[2020-05-11T15:42:53.276+0300][76.795s][info ][gc] GC(78) Pause Full (G1 Evacuation Pause) 1021M->894M(1024M) 790.566ms
[2020-05-11T15:42:53.512+0300][77.030s][info ][gc] GC(79) Pause Young (Concurrent Start) (G1 Evacuation Pause) 945M->897M(1024M) 3.794ms
[2020-05-11T15:42:53.512+0300][77.030s][info ][gc] GC(80) Concurrent Cycle
[2020-05-11T15:42:53.841+0300][77.359s][info ][gc] GC(81) Pause Young (Normal) (G1 Evacuation Pause) 945M->900M(1024M) 8.470ms
[2020-05-11T15:42:54.266+0300][77.784s][info ][gc] GC(82) Pause Young (Normal) (G1 Evacuation Pause) 945M->903M(1024M) 8.786ms
[2020-05-11T15:42:54.632+0300][78.150s][info ][gc] GC(83) Pause Young (Normal) (G1 Evacuation Pause) 948M->906M(1024M) 11.292ms
[2020-05-11T15:42:54.900+0300][78.419s][info ][gc] GC(80) Pause Remark 947M->947M(1024M) 0.795ms
[2020-05-11T15:42:54.930+0300][78.448s][info ][gc] GC(84) Pause Young (Normal) (G1 Evacuation Pause) 951M->909M(1024M) 8.086ms
[2020-05-11T15:42:55.192+0300][78.711s][info ][gc] GC(85) Pause Young (Normal) (G1 Evacuation Pause) 954M->912M(1024M) 8.228ms
[2020-05-11T15:42:55.493+0300][79.012s][info ][gc] GC(86) Pause Young (Normal) (G1 Evacuation Pause) 957M->914M(1024M) 9.010ms
[2020-05-11T15:42:55.787+0300][79.305s][info ][gc] GC(87) Pause Young (Normal) (G1 Evacuation Pause) 959M->917M(1024M) 8.426ms
[2020-05-11T15:42:56.128+0300][79.646s][info ][gc] GC(88) Pause Young (Normal) (G1 Evacuation Pause) 962M->920M(1024M) 10.830ms
[2020-05-11T15:42:56.236+0300][79.755s][info ][gc] GC(80) Pause Cleanup 934M->934M(1024M) 0.356ms
[2020-05-11T15:42:56.238+0300][79.757s][info ][gc] GC(80) Concurrent Cycle 2726.841ms
[2020-05-11T15:42:56.407+0300][79.925s][info ][gc] GC(89) Pause Young (Normal) (G1 Evacuation Pause) 965M->923M(1024M) 8.381ms
[2020-05-11T15:42:56.616+0300][80.135s][info ][gc] GC(90) Pause Young (Concurrent Start) (G1 Evacuation Pause) 968M->926M(1024M) 8.734ms
[2020-05-11T15:42:56.616+0300][80.135s][info ][gc] GC(91) Concurrent Cycle
[2020-05-11T15:42:56.924+0300][80.442s][info ][gc] GC(92) Pause Young (Normal) (G1 Evacuation Pause) 971M->929M(1024M) 8.211ms
[2020-05-11T15:42:57.208+0300][80.726s][info ][gc] GC(93) Pause Young (Normal) (G1 Evacuation Pause) 974M->931M(1024M) 8.391ms
[2020-05-11T15:42:57.523+0300][81.042s][info ][gc] GC(94) Pause Young (Normal) (G1 Evacuation Pause) 976M->935M(1024M) 8.383ms
[2020-05-11T15:42:57.839+0300][81.358s][info ][gc] GC(95) Pause Young (Normal) (G1 Evacuation Pause) 980M->938M(1024M) 8.454ms
[2020-05-11T15:42:58.126+0300][81.645s][info ][gc] GC(96) Pause Young (Normal) (G1 Evacuation Pause) 983M->940M(1024M) 8.669ms
[2020-05-11T15:42:58.136+0300][81.655s][info ][gc] GC(91) Pause Remark 942M->942M(1024M) 0.752ms
[2020-05-11T15:42:58.457+0300][81.976s][info ][gc] GC(97) Pause Young (Normal) (G1 Evacuation Pause) 985M->943M(1024M) 8.522ms
[2020-05-11T15:42:58.764+0300][82.282s][info ][gc] GC(98) Pause Young (Normal) (G1 Evacuation Pause) 988M->946M(1024M) 8.498ms
[2020-05-11T15:42:59.085+0300][82.604s][info ][gc] GC(99) Pause Young (Normal) (G1 Evacuation Pause) 991M->949M(1024M) 8.157ms
[2020-05-11T15:42:59.373+0300][82.891s][info ][gc] GC(100) Pause Young (Normal) (G1 Evacuation Pause) 994M->951M(1024M) 9.018ms
[2020-05-11T15:42:59.504+0300][83.022s][info ][gc] GC(91) Pause Cleanup 969M->969M(1024M) 0.417ms
[2020-05-11T15:42:59.506+0300][83.024s][info ][gc] GC(91) Concurrent Cycle 2888.957ms
[2020-05-11T15:42:59.641+0300][83.159s][info ][gc] GC(101) Pause Young (Normal) (G1 Evacuation Pause) 996M->954M(1024M) 8.168ms
[2020-05-11T15:42:59.841+0300][83.360s][info ][gc] GC(102) Pause Young (Concurrent Start) (G1 Evacuation Pause) 999M->957M(1024M) 8.543ms
[2020-05-11T15:42:59.841+0300][83.360s][info ][gc] GC(103) Concurrent Cycle
[2020-05-11T15:43:00.238+0300][83.756s][info ][gc] GC(104) Pause Young (Normal) (G1 Evacuation Pause) 1002M->960M(1024M) 9.143ms
[2020-05-11T15:43:00.661+0300][84.179s][info ][gc] GC(105) Pause Young (Normal) (G1 Evacuation Pause) 1005M->962M(1024M) 8.765ms
[2020-05-11T15:43:00.994+0300][84.512s][info ][gc] GC(106) Pause Young (Normal) (G1 Evacuation Pause) 1007M->966M(1024M) 8.444ms
[2020-05-11T15:43:01.297+0300][84.815s][info ][gc] GC(107) Pause Young (Normal) (G1 Evacuation Pause) 1011M->968M(1024M) 8.609ms
[2020-05-11T15:43:01.409+0300][84.927s][info ][gc] GC(103) Pause Remark 986M->986M(1024M) 0.727ms
[2020-05-11T15:43:01.629+0300][85.147s][info ][gc] GC(108) To-space exhausted
[2020-05-11T15:43:01.629+0300][85.147s][info ][gc] GC(108) Pause Young (Normal) (G1 Evacuation Pause) 1013M->995M(1024M) 14.861ms
[2020-05-11T15:43:01.819+0300][85.338s][info ][gc] GC(109) To-space exhausted
[2020-05-11T15:43:01.819+0300][85.338s][info ][gc] GC(109) Pause Young (Normal) (G1 Evacuation Pause) 1020M->1020M(1024M) 19.099ms
[2020-05-11T15:43:01.821+0300][85.340s][debug][gc] GC(110) Clear Next Bitmap 1.203ms
[2020-05-11T15:43:02.649+0300][86.168s][info ][gc] GC(110) Pause Full (G1 Evacuation Pause) 1020M->966M(1024M) 829.148ms
[2020-05-11T15:43:02.649+0300][86.168s][info ][gc] GC(103) Concurrent Cycle 2808.321ms
[2020-05-11T15:43:02.911+0300][86.429s][info ][gc] GC(111) Pause Young (Normal) (G1 Evacuation Pause) 1017M->969M(1024M) 3.667ms
[2020-05-11T15:43:03.208+0300][86.727s][info ][gc] GC(112) To-space exhausted
[2020-05-11T15:43:03.208+0300][86.727s][info ][gc] GC(112) Pause Young (Concurrent Start) (G1 Evacuation Pause) 1017M->1001M(1024M) 19.592ms
[2020-05-11T15:43:03.209+0300][86.727s][info ][gc] GC(113) Concurrent Cycle
[2020-05-11T15:43:03.349+0300][86.868s][info ][gc] GC(114) To-space exhausted
[2020-05-11T15:43:03.349+0300][86.868s][info ][gc] GC(114) Pause Young (Normal) (G1 Evacuation Pause) 1021M->1021M(1024M) 16.076ms
[2020-05-11T15:43:03.350+0300][86.869s][debug][gc] GC(115) Clear Next Bitmap 1.176ms
[2020-05-11T15:43:04.173+0300][87.692s][info ][gc] GC(115) Pause Full (G1 Evacuation Pause) 1021M->973M(1024M) 823.430ms
[2020-05-11T15:43:04.173+0300][87.692s][info ][gc] GC(113) Concurrent Cycle 965.282ms
[2020-05-11T15:43:04.448+0300][87.967s][info ][gc] GC(116) To-space exhausted
[2020-05-11T15:43:04.448+0300][87.967s][info ][gc] GC(116) Pause Young (Normal) (G1 Evacuation Pause) 1022M->1022M(1024M) 17.334ms
[2020-05-11T15:43:05.277+0300][88.795s][info ][gc] GC(117) Pause Full (G1 Evacuation Pause) 1022M->976M(1024M) 828.110ms
[2020-05-11T15:43:05.522+0300][89.040s][info ][gc] GC(118) To-space exhausted
[2020-05-11T15:43:05.522+0300][89.041s][info ][gc] GC(118) Pause Young (Concurrent Start) (G1 Evacuation Pause) 1022M->1022M(1024M) 20.224ms
[2020-05-11T15:43:05.523+0300][89.041s][info ][gc] GC(120) Concurrent Cycle
[2020-05-11T15:43:05.524+0300][89.042s][debug][gc] GC(119) Clear Next Bitmap 1.598ms
[2020-05-11T15:43:06.360+0300][89.878s][info ][gc] GC(119) Pause Full (G1 Evacuation Pause) 1022M->979M(1024M) 837.675ms
[2020-05-11T15:43:06.360+0300][89.879s][info ][gc] GC(120) Concurrent Cycle 838.286ms
[2020-05-11T15:43:06.579+0300][90.097s][info ][gc] GC(121) To-space exhausted
[2020-05-11T15:43:06.579+0300][90.097s][info ][gc] GC(121) Pause Young (Normal) (G1 Evacuation Pause) 1022M->1022M(1024M) 16.923ms
[2020-05-11T15:43:07.419+0300][90.938s][info ][gc] GC(122) Pause Full (G1 Evacuation Pause) 1022M->981M(1024M) 840.125ms
[2020-05-11T15:43:07.632+0300][91.151s][info ][gc] GC(123) To-space exhausted
[2020-05-11T15:43:07.632+0300][91.151s][info ][gc] GC(123) Pause Young (Concurrent Start) (G1 Evacuation Pause) 1022M->1022M(1024M) 15.029ms
[2020-05-11T15:43:07.632+0300][91.151s][info ][gc] GC(125) Concurrent Cycle
[2020-05-11T15:43:07.634+0300][91.152s][debug][gc] GC(124) Clear Next Bitmap 1.249ms
[2020-05-11T15:43:08.451+0300][91.969s][info ][gc] GC(124) Pause Full (G1 Evacuation Pause) 1022M->983M(1024M) 817.978ms
[2020-05-11T15:43:08.451+0300][91.970s][info ][gc] GC(125) Concurrent Cycle 818.672ms
[2020-05-11T15:43:08.664+0300][92.183s][info ][gc] GC(126) To-space exhausted
[2020-05-11T15:43:08.664+0300][92.183s][info ][gc] GC(126) Pause Young (Normal) (G1 Evacuation Pause) 1021M->1021M(1024M) 14.822ms
[2020-05-11T15:43:09.481+0300][93.000s][info ][gc] GC(127) Pause Full (G1 Evacuation Pause) 1021M->986M(1024M) 816.745ms
[2020-05-11T15:43:09.672+0300][93.191s][info ][gc] GC(128) To-space exhausted
[2020-05-11T15:43:09.672+0300][93.191s][info ][gc] GC(128) Pause Young (Concurrent Start) (G1 Evacuation Pause) 1022M->1022M(1024M) 13.475ms
[2020-05-11T15:43:09.672+0300][93.191s][info ][gc] GC(130) Concurrent Cycle
[2020-05-11T15:43:09.673+0300][93.192s][debug][gc] GC(129) Clear Next Bitmap 1.285ms
[2020-05-11T15:43:10.492+0300][94.010s][info ][gc] GC(129) Pause Full (G1 Evacuation Pause) 1022M->988M(1024M) 819.550ms
[2020-05-11T15:43:10.492+0300][94.011s][info ][gc] GC(130) Concurrent Cycle 820.156ms
[2020-05-11T15:43:10.678+0300][94.197s][info ][gc] GC(131) To-space exhausted
[2020-05-11T15:43:10.678+0300][94.197s][info ][gc] GC(131) Pause Young (Normal) (G1 Evacuation Pause) 1023M->1023M(1024M) 11.330ms
[2020-05-11T15:43:11.562+0300][95.081s][info ][gc] GC(132) Pause Full (G1 Evacuation Pause) 1023M->990M(1024M) 884.464ms
[2020-05-11T15:43:11.738+0300][95.256s][info ][gc] GC(133) To-space exhausted
[2020-05-11T15:43:11.738+0300][95.256s][info ][gc] GC(133) Pause Young (Concurrent Start) (G1 Evacuation Pause) 1021M->1021M(1024M) 11.592ms
[2020-05-11T15:43:11.738+0300][95.256s][info ][gc] GC(135) Concurrent Cycle
[2020-05-11T15:43:11.739+0300][95.258s][debug][gc] GC(134) Clear Next Bitmap 1.234ms
[2020-05-11T15:43:12.621+0300][96.139s][info ][gc] GC(134) Pause Full (G1 Evacuation Pause) 1021M->992M(1024M) 883.170ms
[2020-05-11T15:43:12.622+0300][96.140s][info ][gc] GC(135) Concurrent Cycle 883.781ms
[2020-05-11T15:43:12.772+0300][96.291s][info ][gc] GC(136) To-space exhausted
[2020-05-11T15:43:12.772+0300][96.291s][info ][gc] GC(136) Pause Young (Normal) (G1 Evacuation Pause) 1022M->1022M(1024M) 10.977ms
[2020-05-11T15:43:13.600+0300][97.119s][info ][gc] GC(137) Pause Full (G1 Evacuation Pause) 1022M->993M(1024M) 828.018ms
[2020-05-11T15:43:13.822+0300][97.341s][info ][gc] GC(138) To-space exhausted
[2020-05-11T15:43:13.822+0300][97.341s][info ][gc] GC(138) Pause Young (Concurrent Start) (G1 Evacuation Pause) 1021M->1021M(1024M) 14.973ms
[2020-05-11T15:43:13.822+0300][97.341s][info ][gc] GC(140) Concurrent Cycle
[2020-05-11T15:43:13.824+0300][97.343s][debug][gc] GC(139) Clear Next Bitmap 1.703ms
[2020-05-11T15:43:14.667+0300][98.186s][info ][gc] GC(139) Pause Full (G1 Evacuation Pause) 1021M->995M(1024M) 844.947ms
[2020-05-11T15:43:14.668+0300][98.186s][info ][gc] GC(140) Concurrent Cycle 845.664ms
[2020-05-11T15:43:14.832+0300][98.351s][info ][gc] GC(141) To-space exhausted
[2020-05-11T15:43:14.832+0300][98.351s][info ][gc] GC(141) Pause Young (Normal) (G1 Evacuation Pause) 1022M->1022M(1024M) 9.460ms
[2020-05-11T15:43:15.667+0300][99.186s][info ][gc] GC(142) Pause Full (G1 Evacuation Pause) 1022M->996M(1024M) 835.356ms
[2020-05-11T15:43:15.797+0300][99.316s][info ][gc] GC(143) To-space exhausted
[2020-05-11T15:43:15.797+0300][99.316s][info ][gc] GC(143) Pause Young (Concurrent Start) (G1 Evacuation Pause) 1021M->1021M(1024M) 10.120ms
[2020-05-11T15:43:15.797+0300][99.316s][info ][gc] GC(145) Concurrent Cycle
[2020-05-11T15:43:15.798+0300][99.317s][debug][gc] GC(144) Clear Next Bitmap 1.172ms
[2020-05-11T15:43:16.638+0300][100.156s][info ][gc] GC(144) Pause Full (G1 Evacuation Pause) 1021M->998M(1024M) 840.141ms
[2020-05-11T15:43:16.638+0300][100.156s][info ][gc] GC(145) Concurrent Cycle 840.755ms
[2020-05-11T15:43:16.790+0300][100.309s][info ][gc] GC(146) To-space exhausted
[2020-05-11T15:43:16.790+0300][100.309s][info ][gc] GC(146) Pause Young (Normal) (G1 Evacuation Pause) 1022M->1022M(1024M) 9.016ms
[2020-05-11T15:43:17.636+0300][101.155s][info ][gc] GC(147) Pause Full (G1 Evacuation Pause) 1022M->999M(1024M) 845.175ms
[2020-05-11T15:43:17.774+0300][101.292s][info ][gc] GC(148) To-space exhausted
[2020-05-11T15:43:17.774+0300][101.292s][info ][gc] GC(148) Pause Young (Concurrent Start) (G1 Evacuation Pause) 1021M->1021M(1024M) 9.055ms
[2020-05-11T15:43:17.774+0300][101.292s][info ][gc] GC(150) Concurrent Cycle
[2020-05-11T15:43:17.775+0300][101.294s][debug][gc] GC(149) Clear Next Bitmap 1.217ms
[2020-05-11T15:43:18.615+0300][102.133s][info ][gc] GC(149) Pause Full (G1 Evacuation Pause) 1021M->1001M(1024M) 840.391ms
[2020-05-11T15:43:18.615+0300][102.133s][info ][gc] GC(150) Concurrent Cycle 841.031ms
[2020-05-11T15:43:18.745+0300][102.264s][info ][gc] GC(151) To-space exhausted
[2020-05-11T15:43:18.745+0300][102.264s][info ][gc] GC(151) Pause Young (Normal) (G1 Evacuation Pause) 1022M->1022M(1024M) 8.402ms
[2020-05-11T15:43:19.592+0300][103.111s][info ][gc] GC(152) Pause Full (G1 Evacuation Pause) 1022M->1002M(1024M) 847.043ms
[2020-05-11T15:43:19.707+0300][103.225s][info ][gc] GC(153) To-space exhausted
[2020-05-11T15:43:19.707+0300][103.225s][info ][gc] GC(153) Pause Young (Concurrent Start) (G1 Evacuation Pause) 1022M->1022M(1024M) 8.958ms
[2020-05-11T15:43:19.707+0300][103.225s][info ][gc] GC(155) Concurrent Cycle
[2020-05-11T15:43:19.709+0300][103.227s][debug][gc] GC(154) Clear Next Bitmap 1.456ms
[2020-05-11T15:43:20.565+0300][104.084s][info ][gc] GC(154) Pause Full (G1 Evacuation Pause) 1022M->1003M(1024M) 858.255ms
[2020-05-11T15:43:20.565+0300][104.084s][info ][gc] GC(155) Concurrent Cycle 858.890ms
[2020-05-11T15:43:20.727+0300][104.245s][info ][gc] GC(156) To-space exhausted
[2020-05-11T15:43:20.727+0300][104.245s][info ][gc] GC(156) Pause Young (Normal) (G1 Evacuation Pause) 1022M->1022M(1024M) 7.641ms
[2020-05-11T15:43:21.593+0300][105.111s][info ][gc] GC(157) Pause Full (G1 Evacuation Pause) 1022M->1004M(1024M) 865.471ms
[2020-05-11T15:43:21.767+0300][105.286s][info ][gc] GC(158) To-space exhausted
[2020-05-11T15:43:21.767+0300][105.286s][info ][gc] GC(158) Pause Young (Concurrent Start) (G1 Evacuation Pause) 1021M->1021M(1024M) 8.026ms
[2020-05-11T15:43:21.767+0300][105.286s][info ][gc] GC(160) Concurrent Cycle
[2020-05-11T15:43:21.768+0300][105.287s][debug][gc] GC(159) Clear Next Bitmap 1.216ms
[2020-05-11T15:43:22.619+0300][106.138s][info ][gc] GC(159) Pause Full (G1 Evacuation Pause) 1021M->1005M(1024M) 851.776ms
[2020-05-11T15:43:22.620+0300][106.138s][info ][gc] GC(160) Concurrent Cycle 852.356ms
[2020-05-11T15:43:22.740+0300][106.258s][info ][gc] GC(161) To-space exhausted
[2020-05-11T15:43:22.740+0300][106.258s][info ][gc] GC(161) Pause Young (Normal) (G1 Evacuation Pause) 1021M->1021M(1024M) 6.846ms
[2020-05-11T15:43:23.580+0300][107.099s][info ][gc] GC(162) Pause Full (G1 Evacuation Pause) 1021M->1006M(1024M) 840.656ms
[2020-05-11T15:43:23.679+0300][107.198s][info ][gc] GC(163) To-space exhausted
[2020-05-11T15:43:23.679+0300][107.198s][info ][gc] GC(163) Pause Young (Concurrent Start) (G1 Evacuation Pause) 1022M->1022M(1024M) 7.339ms
[2020-05-11T15:43:23.679+0300][107.198s][info ][gc] GC(165) Concurrent Cycle
[2020-05-11T15:43:23.681+0300][107.199s][debug][gc] GC(164) Clear Next Bitmap 1.237ms
[2020-05-11T15:43:24.524+0300][108.042s][info ][gc] GC(164) Pause Full (G1 Evacuation Pause) 1022M->1007M(1024M) 844.112ms
[2020-05-11T15:43:24.524+0300][108.043s][info ][gc] GC(165) Concurrent Cycle 844.755ms
[2020-05-11T15:43:24.619+0300][108.137s][info ][gc] GC(166) To-space exhausted
[2020-05-11T15:43:24.619+0300][108.137s][info ][gc] GC(166) Pause Young (Normal) (G1 Evacuation Pause) 1022M->1022M(1024M) 6.781ms
[2020-05-11T15:43:25.474+0300][108.993s][info ][gc] GC(167) Pause Full (G1 Evacuation Pause) 1022M->1008M(1024M) 855.433ms
[2020-05-11T15:43:25.565+0300][109.083s][info ][gc] GC(168) To-space exhausted
[2020-05-11T15:43:25.565+0300][109.084s][info ][gc] GC(168) Pause Young (Concurrent Start) (G1 Evacuation Pause) 1021M->1021M(1024M) 6.806ms
[2020-05-11T15:43:25.565+0300][109.084s][info ][gc] GC(170) Concurrent Cycle
[2020-05-11T15:43:25.566+0300][109.085s][debug][gc] GC(169) Clear Next Bitmap 1.224ms
[2020-05-11T15:43:26.420+0300][109.938s][info ][gc] GC(169) Pause Full (G1 Evacuation Pause) 1021M->1008M(1024M) 854.495ms
[2020-05-11T15:43:26.420+0300][109.939s][info ][gc] GC(170) Concurrent Cycle 855.096ms
[2020-05-11T15:43:26.499+0300][110.018s][info ][gc] GC(171) To-space exhausted
[2020-05-11T15:43:26.499+0300][110.018s][info ][gc] GC(171) Pause Young (Normal) (G1 Evacuation Pause) 1021M->1021M(1024M) 6.368ms
[2020-05-11T15:43:27.350+0300][110.869s][info ][gc] GC(172) Pause Full (G1 Evacuation Pause) 1021M->1009M(1024M) 850.812ms
[2020-05-11T15:43:27.432+0300][110.951s][info ][gc] GC(173) To-space exhausted
[2020-05-11T15:43:27.432+0300][110.951s][info ][gc] GC(173) Pause Young (Concurrent Start) (G1 Evacuation Pause) 1021M->1021M(1024M) 6.211ms
[2020-05-11T15:43:27.432+0300][110.951s][info ][gc] GC(175) Concurrent Cycle
[2020-05-11T15:43:27.434+0300][110.952s][debug][gc] GC(174) Clear Next Bitmap 1.245ms
[2020-05-11T15:43:28.284+0300][111.802s][info ][gc] GC(174) Pause Full (G1 Evacuation Pause) 1021M->1010M(1024M) 851.131ms
[2020-05-11T15:43:28.285+0300][111.804s][info ][gc] GC(175) Concurrent Cycle 852.810ms
[2020-05-11T15:43:28.354+0300][111.872s][info ][gc] GC(176) To-space exhausted
[2020-05-11T15:43:28.355+0300][111.873s][info ][gc] GC(176) Pause Young (Normal) (G1 Evacuation Pause) 1021M->1021M(1024M) 6.067ms
[2020-05-11T15:43:29.207+0300][112.725s][info ][gc] GC(177) Pause Full (G1 Evacuation Pause) 1021M->1010M(1024M) 852.630ms
[2020-05-11T15:43:29.278+0300][112.797s][info ][gc] GC(178) To-space exhausted
[2020-05-11T15:43:29.278+0300][112.797s][info ][gc] GC(178) Pause Young (Concurrent Start) (G1 Evacuation Pause) 1021M->1021M(1024M) 5.852ms
[2020-05-11T15:43:29.278+0300][112.797s][info ][gc] GC(180) Concurrent Cycle
[2020-05-11T15:43:29.280+0300][112.798s][debug][gc] GC(179) Clear Next Bitmap 1.244ms
[2020-05-11T15:43:30.125+0300][113.643s][info ][gc] GC(179) Pause Full (G1 Evacuation Pause) 1021M->1011M(1024M) 846.323ms
[2020-05-11T15:43:30.126+0300][113.644s][info ][gc] GC(180) Concurrent Cycle 846.938ms
[2020-05-11T15:43:30.208+0300][113.726s][info ][gc] GC(181) To-space exhausted
[2020-05-11T15:43:30.208+0300][113.726s][info ][gc] GC(181) Pause Young (Normal) (G1 Evacuation Pause) 1022M->1022M(1024M) 5.120ms
[2020-05-11T15:43:31.057+0300][114.576s][info ][gc] GC(182) Pause Full (G1 Evacuation Pause) 1022M->1012M(1024M) 849.695ms
[2020-05-11T15:43:31.116+0300][114.634s][info ][gc] GC(183) To-space exhausted
[2020-05-11T15:43:31.116+0300][114.634s][info ][gc] GC(183) Pause Young (Concurrent Start) (G1 Evacuation Pause) 1021M->1021M(1024M) 5.352ms
[2020-05-11T15:43:31.116+0300][114.634s][info ][gc] GC(185) Concurrent Cycle
[2020-05-11T15:43:31.118+0300][114.636s][debug][gc] GC(184) Clear Next Bitmap 1.629ms
[2020-05-11T15:43:31.959+0300][115.477s][info ][gc] GC(184) Pause Full (G1 Evacuation Pause) 1021M->1012M(1024M) 842.480ms
[2020-05-11T15:43:31.959+0300][115.478s][info ][gc] GC(185) Concurrent Cycle 843.090ms
[2020-05-11T15:43:32.061+0300][115.579s][info ][gc] GC(186) To-space exhausted
[2020-05-11T15:43:32.061+0300][115.579s][info ][gc] GC(186) Pause Young (Normal) (G1 Evacuation Pause) 1021M->1021M(1024M) 4.635ms
[2020-05-11T15:43:32.908+0300][116.427s][info ][gc] GC(187) Pause Full (G1 Evacuation Pause) 1021M->1013M(1024M) 847.682ms
[2020-05-11T15:43:32.977+0300][116.496s][info ][gc] GC(188) To-space exhausted
[2020-05-11T15:43:32.977+0300][116.496s][info ][gc] GC(188) Pause Young (Concurrent Start) (G1 Evacuation Pause) 1021M->1021M(1024M) 4.141ms
[2020-05-11T15:43:32.977+0300][116.496s][info ][gc] GC(190) Concurrent Cycle
[2020-05-11T15:43:32.979+0300][116.497s][debug][gc] GC(189) Clear Next Bitmap 1.188ms
[2020-05-11T15:43:33.823+0300][117.341s][info ][gc] GC(189) Pause Full (G1 Evacuation Pause) 1021M->1013M(1024M) 845.027ms
[2020-05-11T15:43:33.823+0300][117.342s][info ][gc] GC(190) Concurrent Cycle 845.650ms
[2020-05-11T15:43:33.878+0300][117.396s][info ][gc] GC(191) To-space exhausted
[2020-05-11T15:43:33.878+0300][117.396s][info ][gc] GC(191) Pause Young (Normal) (G1 Evacuation Pause) 1021M->1021M(1024M) 3.742ms
[2020-05-11T15:43:34.718+0300][118.236s][info ][gc] GC(192) Pause Full (G1 Evacuation Pause) 1021M->1014M(1024M) 840.091ms
[2020-05-11T15:43:34.774+0300][118.293s][info ][gc] GC(193) To-space exhausted
[2020-05-11T15:43:34.774+0300][118.293s][info ][gc] GC(193) Pause Young (Concurrent Start) (G1 Evacuation Pause) 1021M->1021M(1024M) 3.977ms
[2020-05-11T15:43:34.774+0300][118.293s][info ][gc] GC(195) Concurrent Cycle
[2020-05-11T15:43:34.776+0300][118.294s][debug][gc] GC(194) Clear Next Bitmap 1.411ms
[2020-05-11T15:43:35.623+0300][119.141s][info ][gc] GC(194) Pause Full (G1 Evacuation Pause) 1021M->1014M(1024M) 848.142ms
[2020-05-11T15:43:35.623+0300][119.142s][info ][gc] GC(195) Concurrent Cycle 848.775ms
[2020-05-11T15:43:35.672+0300][119.191s][info ][gc] GC(196) To-space exhausted
[2020-05-11T15:43:35.673+0300][119.191s][info ][gc] GC(196) Pause Young (Normal) (G1 Evacuation Pause) 1021M->1021M(1024M) 3.441ms
[2020-05-11T15:43:36.517+0300][120.035s][info ][gc] GC(197) Pause Full (G1 Evacuation Pause) 1021M->1014M(1024M) 844.042ms
[2020-05-11T15:43:36.553+0300][120.071s][info ][gc] GC(198) To-space exhausted
[2020-05-11T15:43:36.553+0300][120.071s][info ][gc] GC(198) Pause Young (Concurrent Start) (G1 Evacuation Pause) 1020M->1020M(1024M) 3.838ms
[2020-05-11T15:43:36.553+0300][120.072s][info ][gc] GC(200) Concurrent Cycle
[2020-05-11T15:43:36.555+0300][120.073s][debug][gc] GC(199) Clear Next Bitmap 1.169ms
[2020-05-11T15:43:37.430+0300][120.949s][info ][gc] GC(199) Pause Full (G1 Evacuation Pause) 1020M->1015M(1024M) 877.622ms
[2020-05-11T15:43:37.431+0300][120.950s][info ][gc] GC(200) Concurrent Cycle 878.227ms
[2020-05-11T15:43:37.474+0300][120.993s][info ][gc] GC(201) To-space exhausted
[2020-05-11T15:43:37.475+0300][120.993s][info ][gc] GC(201) Pause Young (Normal) (G1 Evacuation Pause) 1022M->1022M(1024M) 3.424ms
[2020-05-11T15:43:38.321+0300][121.839s][info ][gc] GC(202) Pause Full (G1 Evacuation Pause) 1022M->1015M(1024M) 845.646ms
[2020-05-11T15:43:38.360+0300][121.878s][info ][gc] GC(203) To-space exhausted
[2020-05-11T15:43:38.360+0300][121.879s][info ][gc] GC(203) Pause Young (Concurrent Start) (G1 Evacuation Pause) 1021M->1021M(1024M) 3.847ms
[2020-05-11T15:43:38.360+0300][121.879s][info ][gc] GC(205) Concurrent Cycle
[2020-05-11T15:43:38.362+0300][121.880s][debug][gc] GC(204) Clear Next Bitmap 1.228ms
[2020-05-11T15:43:39.207+0300][122.725s][info ][gc] GC(204) Pause Full (G1 Evacuation Pause) 1021M->1015M(1024M) 846.298ms
[2020-05-11T15:43:39.207+0300][122.725s][info ][gc] GC(205) Concurrent Cycle 846.915ms
[2020-05-11T15:43:39.236+0300][122.755s][info ][gc] GC(206) To-space exhausted
[2020-05-11T15:43:39.237+0300][122.756s][info ][gc] GC(206) Pause Young (Normal) (G1 Evacuation Pause) 1020M->1020M(1024M) 3.305ms
[2020-05-11T15:43:40.081+0300][123.600s][info ][gc] GC(207) Pause Full (G1 Evacuation Pause) 1020M->1016M(1024M) 843.828ms
[2020-05-11T15:43:40.110+0300][123.629s][info ][gc] GC(208) To-space exhausted
[2020-05-11T15:43:40.111+0300][123.629s][info ][gc] GC(208) Pause Young (Concurrent Start) (G1 Evacuation Pause) 1021M->1021M(1024M) 3.452ms
[2020-05-11T15:43:40.111+0300][123.629s][info ][gc] GC(210) Concurrent Cycle
[2020-05-11T15:43:40.112+0300][123.631s][debug][gc] GC(209) Clear Next Bitmap 1.206ms
[2020-05-11T15:43:40.964+0300][124.482s][info ][gc] GC(209) Pause Full (G1 Evacuation Pause) 1021M->1016M(1024M) 852.996ms
[2020-05-11T15:43:40.965+0300][124.483s][info ][gc] GC(210) Concurrent Cycle 853.617ms
[2020-05-11T15:43:41.005+0300][124.523s][info ][gc] GC(211) To-space exhausted
[2020-05-11T15:43:41.005+0300][124.523s][info ][gc] GC(211) Pause Young (Normal) (G1 Evacuation Pause) 1022M->1022M(1024M) 3.405ms
[2020-05-11T15:43:41.857+0300][125.376s][info ][gc] GC(212) Pause Full (G1 Evacuation Pause) 1022M->1016M(1024M) 852.233ms
[2020-05-11T15:43:41.890+0300][125.409s][info ][gc] GC(213) To-space exhausted
[2020-05-11T15:43:41.890+0300][125.409s][info ][gc] GC(213) Pause Young (Concurrent Start) (G1 Evacuation Pause) 1021M->1021M(1024M) 3.760ms
[2020-05-11T15:43:41.890+0300][125.409s][info ][gc] GC(215) Concurrent Cycle
[2020-05-11T15:43:41.891+0300][125.410s][debug][gc] GC(214) Clear Next Bitmap 1.215ms
[2020-05-11T15:43:42.732+0300][126.251s][info ][gc] GC(214) Pause Full (G1 Evacuation Pause) 1021M->1017M(1024M) 841.992ms
[2020-05-11T15:43:42.733+0300][126.251s][info ][gc] GC(215) Concurrent Cycle 842.598ms
[2020-05-11T15:43:42.765+0300][126.283s][info ][gc] GC(216) To-space exhausted
[2020-05-11T15:43:42.765+0300][126.283s][info ][gc] GC(216) Pause Young (Normal) (G1 Evacuation Pause) 1022M->1022M(1024M) 3.089ms
[2020-05-11T15:43:43.609+0300][127.128s][info ][gc] GC(217) Pause Full (G1 Evacuation Pause) 1022M->1017M(1024M) 844.297ms
[2020-05-11T15:43:43.642+0300][127.160s][info ][gc] GC(218) To-space exhausted
[2020-05-11T15:43:43.642+0300][127.160s][info ][gc] GC(218) Pause Young (Concurrent Start) (G1 Evacuation Pause) 1021M->1021M(1024M) 2.727ms
[2020-05-11T15:43:43.642+0300][127.160s][info ][gc] GC(220) Concurrent Cycle
[2020-05-11T15:43:43.643+0300][127.161s][debug][gc] GC(219) Clear Next Bitmap 1.245ms
[2020-05-11T15:43:44.480+0300][127.999s][info ][gc] GC(219) Pause Full (G1 Evacuation Pause) 1021M->1017M(1024M) 839.088ms
[2020-05-11T15:43:44.481+0300][128.000s][info ][gc] GC(220) Concurrent Cycle 839.728ms
[2020-05-11T15:43:44.507+0300][128.026s][info ][gc] GC(221) To-space exhausted
[2020-05-11T15:43:44.507+0300][128.026s][info ][gc] GC(221) Pause Young (Normal) (G1 Evacuation Pause) 1021M->1021M(1024M) 2.124ms
[2020-05-11T15:43:45.352+0300][128.871s][info ][gc] GC(222) Pause Full (G1 Evacuation Pause) 1021M->1017M(1024M) 844.172ms
[2020-05-11T15:43:45.375+0300][128.894s][info ][gc] GC(223) To-space exhausted
[2020-05-11T15:43:45.376+0300][128.894s][info ][gc] GC(223) Pause Young (Concurrent Start) (G1 Evacuation Pause) 1021M->1021M(1024M) 2.355ms
[2020-05-11T15:43:45.376+0300][128.894s][info ][gc] GC(225) Concurrent Cycle
[2020-05-11T15:43:45.377+0300][128.895s][debug][gc] GC(224) Clear Next Bitmap 1.173ms
[2020-05-11T15:43:46.215+0300][129.734s][info ][gc] GC(224) Pause Full (G1 Evacuation Pause) 1021M->1018M(1024M) 839.394ms
[2020-05-11T15:43:46.216+0300][129.734s][info ][gc] GC(225) Concurrent Cycle 840.005ms
[2020-05-11T15:43:46.242+0300][129.760s][info ][gc] GC(226) To-space exhausted
[2020-05-11T15:43:46.242+0300][129.761s][info ][gc] GC(226) Pause Young (Normal) (G1 Evacuation Pause) 1022M->1022M(1024M) 2.315ms
[2020-05-11T15:43:47.086+0300][130.605s][info ][gc] GC(227) Pause Full (G1 Evacuation Pause) 1022M->1018M(1024M) 844.596ms
[2020-05-11T15:43:47.108+0300][130.627s][info ][gc] GC(228) To-space exhausted
[2020-05-11T15:43:47.108+0300][130.627s][info ][gc] GC(228) Pause Young (Concurrent Start) (G1 Evacuation Pause) 1021M->1021M(1024M) 2.230ms
[2020-05-11T15:43:47.108+0300][130.627s][info ][gc] GC(230) Concurrent Cycle
[2020-05-11T15:43:47.110+0300][130.629s][debug][gc] GC(229) Clear Next Bitmap 1.176ms
[2020-05-11T15:43:47.953+0300][131.472s][info ][gc] GC(229) Pause Full (G1 Evacuation Pause) 1021M->1018M(1024M) 844.680ms
[2020-05-11T15:43:47.954+0300][131.472s][info ][gc] GC(230) Concurrent Cycle 845.295ms
[2020-05-11T15:43:47.971+0300][131.490s][info ][gc] GC(231) To-space exhausted
[2020-05-11T15:43:47.971+0300][131.490s][info ][gc] GC(231) Pause Young (Normal) (G1 Evacuation Pause) 1021M->1021M(1024M) 1.926ms
[2020-05-11T15:43:48.812+0300][132.330s][info ][gc] GC(232) Pause Full (G1 Evacuation Pause) 1021M->1018M(1024M) 839.711ms
[2020-05-11T15:43:48.828+0300][132.347s][info ][gc] GC(233) To-space exhausted
[2020-05-11T15:43:48.829+0300][132.347s][info ][gc] GC(233) Pause Young (Concurrent Start) (G1 Evacuation Pause) 1021M->1021M(1024M) 2.277ms
[2020-05-11T15:43:48.829+0300][132.347s][info ][gc] GC(235) Concurrent Cycle
[2020-05-11T15:43:48.830+0300][132.348s][debug][gc] GC(234) Clear Next Bitmap 1.163ms
[2020-05-11T15:43:49.667+0300][133.185s][info ][gc] GC(234) Pause Full (G1 Evacuation Pause) 1021M->1018M(1024M) 838.130ms
[2020-05-11T15:43:49.668+0300][133.186s][info ][gc] GC(235) Concurrent Cycle 838.747ms
[2020-05-11T15:43:49.687+0300][133.206s][info ][gc] GC(236) To-space exhausted
[2020-05-11T15:43:49.687+0300][133.206s][info ][gc] GC(236) Pause Young (Normal) (G1 Evacuation Pause) 1021M->1021M(1024M) 1.987ms
[2020-05-11T15:43:50.525+0300][134.044s][info ][gc] GC(237) Pause Full (G1 Evacuation Pause) 1021M->1019M(1024M) 837.658ms
[2020-05-11T15:43:50.568+0300][134.086s][info ][gc] GC(238) To-space exhausted
[2020-05-11T15:43:50.568+0300][134.087s][info ][gc] GC(238) Pause Young (Concurrent Start) (G1 Evacuation Pause) 1022M->1022M(1024M) 2.234ms
[2020-05-11T15:43:50.568+0300][134.087s][info ][gc] GC(240) Concurrent Cycle
[2020-05-11T15:43:50.569+0300][134.088s][debug][gc] GC(239) Clear Next Bitmap 1.271ms
[2020-05-11T15:43:51.411+0300][134.930s][info ][gc] GC(239) Pause Full (G1 Evacuation Pause) 1022M->1019M(1024M) 842.816ms
[2020-05-11T15:43:51.412+0300][134.930s][info ][gc] GC(240) Concurrent Cycle 843.462ms
[2020-05-11T15:43:51.424+0300][134.942s][info ][gc] GC(241) To-space exhausted
[2020-05-11T15:43:51.424+0300][134.942s][info ][gc] GC(241) Pause Young (Normal) (G1 Evacuation Pause) 1021M->1021M(1024M) 1.722ms
[2020-05-11T15:43:52.270+0300][135.788s][info ][gc] GC(242) Pause Full (G1 Evacuation Pause) 1021M->1019M(1024M) 846.298ms
[2020-05-11T15:43:52.283+0300][135.801s][info ][gc] GC(243) To-space exhausted
[2020-05-11T15:43:52.283+0300][135.801s][info ][gc] GC(243) Pause Young (Concurrent Start) (G1 Evacuation Pause) 1021M->1021M(1024M) 2.088ms
[2020-05-11T15:43:52.283+0300][135.801s][info ][gc] GC(245) Concurrent Cycle
[2020-05-11T15:43:52.284+0300][135.802s][debug][gc] GC(244) Clear Next Bitmap 1.157ms
[2020-05-11T15:43:53.120+0300][136.639s][info ][gc] GC(244) Pause Full (G1 Evacuation Pause) 1021M->1019M(1024M) 838.270ms
[2020-05-11T15:43:53.121+0300][136.640s][info ][gc] GC(245) Concurrent Cycle 838.861ms
[2020-05-11T15:43:53.139+0300][136.657s][info ][gc] GC(246) To-space exhausted
[2020-05-11T15:43:53.139+0300][136.657s][info ][gc] GC(246) Pause Young (Normal) (G1 Evacuation Pause) 1022M->1022M(1024M) 2.086ms
[2020-05-11T15:43:53.980+0300][137.499s][info ][gc] GC(247) Pause Full (G1 Evacuation Pause) 1022M->1019M(1024M) 841.334ms
[2020-05-11T15:43:53.994+0300][137.513s][info ][gc] GC(248) To-space exhausted
[2020-05-11T15:43:53.995+0300][137.513s][info ][gc] GC(248) Pause Young (Concurrent Start) (G1 Evacuation Pause) 1021M->1021M(1024M) 2.134ms
[2020-05-11T15:43:53.995+0300][137.513s][info ][gc] GC(250) Concurrent Cycle
[2020-05-11T15:43:53.996+0300][137.515s][debug][gc] GC(249) Clear Next Bitmap 1.284ms
[2020-05-11T15:43:54.841+0300][138.359s][info ][gc] GC(249) Pause Full (G1 Evacuation Pause) 1021M->1019M(1024M) 846.099ms
[2020-05-11T15:43:54.842+0300][138.360s][info ][gc] GC(250) Concurrent Cycle 846.713ms
[2020-05-11T15:43:54.853+0300][138.371s][info ][gc] GC(251) To-space exhausted
[2020-05-11T15:43:54.853+0300][138.371s][info ][gc] GC(251) Pause Young (Normal) (G1 Evacuation Pause) 1021M->1021M(1024M) 1.786ms
[2020-05-11T15:43:55.690+0300][139.209s][info ][gc] GC(252) Pause Full (G1 Evacuation Pause) 1021M->1019M(1024M) 837.127ms
[2020-05-11T15:43:55.709+0300][139.228s][info ][gc] GC(253) To-space exhausted
[2020-05-11T15:43:55.709+0300][139.228s][info ][gc] GC(253) Pause Young (Concurrent Start) (G1 Evacuation Pause) 1022M->1022M(1024M) 2.270ms
[2020-05-11T15:43:55.709+0300][139.228s][info ][gc] GC(255) Concurrent Cycle
[2020-05-11T15:43:55.710+0300][139.229s][debug][gc] GC(254) Clear Next Bitmap 1.250ms
[2020-05-11T15:43:56.580+0300][140.098s][info ][gc] GC(254) Pause Full (G1 Evacuation Pause) 1022M->1020M(1024M) 870.226ms
[2020-05-11T15:43:56.580+0300][140.099s][info ][gc] GC(255) Concurrent Cycle 870.838ms
[2020-05-11T15:43:56.592+0300][140.111s][info ][gc] GC(256) To-space exhausted
[2020-05-11T15:43:56.592+0300][140.111s][info ][gc] GC(256) Pause Young (Normal) (G1 Evacuation Pause) 1022M->1022M(1024M) 1.800ms
[2020-05-11T15:43:57.451+0300][140.970s][info ][gc] GC(257) Pause Full (G1 Evacuation Pause) 1022M->1020M(1024M) 858.833ms
[2020-05-11T15:43:57.477+0300][140.995s][info ][gc] GC(258) To-space exhausted
[2020-05-11T15:43:57.477+0300][140.995s][info ][gc] GC(258) Pause Young (Concurrent Start) (G1 Evacuation Pause) 1022M->1022M(1024M) 1.974ms
[2020-05-11T15:43:57.477+0300][140.995s][info ][gc] GC(260) Concurrent Cycle
[2020-05-11T15:43:57.478+0300][140.996s][debug][gc] GC(259) Clear Next Bitmap 1.282ms
[2020-05-11T15:43:58.318+0300][141.837s][info ][gc] GC(259) Pause Full (G1 Evacuation Pause) 1022M->1020M(1024M) 841.834ms
[2020-05-11T15:43:58.318+0300][141.837s][info ][gc] GC(260) Concurrent Cycle 842.394ms
[2020-05-11T15:43:58.331+0300][141.850s][info ][gc] GC(261) To-space exhausted
[2020-05-11T15:43:58.331+0300][141.850s][info ][gc] GC(261) Pause Young (Normal) (G1 Evacuation Pause) 1022M->1022M(1024M) 1.685ms
[2020-05-11T15:43:59.174+0300][142.693s][info ][gc] GC(262) Pause Full (G1 Evacuation Pause) 1022M->1020M(1024M) 842.965ms
[2020-05-11T15:43:59.188+0300][142.706s][info ][gc] GC(263) To-space exhausted
[2020-05-11T15:43:59.188+0300][142.706s][info ][gc] GC(263) Pause Young (Concurrent Start) (G1 Evacuation Pause) 1022M->1022M(1024M) 2.090ms
[2020-05-11T15:43:59.188+0300][142.706s][info ][gc] GC(265) Concurrent Cycle
[2020-05-11T15:43:59.189+0300][142.708s][debug][gc] GC(264) Clear Next Bitmap 1.201ms
[2020-05-11T15:44:00.029+0300][143.547s][info ][gc] GC(264) Pause Full (G1 Evacuation Pause) 1022M->1020M(1024M) 840.362ms
[2020-05-11T15:44:00.029+0300][143.547s][info ][gc] GC(265) Concurrent Cycle 840.950ms
[2020-05-11T15:44:00.041+0300][143.559s][info ][gc] GC(266) To-space exhausted
[2020-05-11T15:44:00.041+0300][143.560s][info ][gc] GC(266) Pause Young (Normal) (G1 Evacuation Pause) 1022M->1022M(1024M) 1.706ms
[2020-05-11T15:44:00.889+0300][144.407s][info ][gc] GC(267) Pause Full (G1 Evacuation Pause) 1022M->1020M(1024M) 847.409ms
[2020-05-11T15:44:00.897+0300][144.415s][info ][gc] GC(268) To-space exhausted
[2020-05-11T15:44:00.897+0300][144.415s][info ][gc] GC(268) Pause Young (Concurrent Start) (G1 Evacuation Pause) 1021M->1021M(1024M) 1.816ms
[2020-05-11T15:44:00.897+0300][144.415s][info ][gc] GC(270) Concurrent Cycle
[2020-05-11T15:44:00.899+0300][144.417s][debug][gc] GC(269) Clear Next Bitmap 1.165ms
[2020-05-11T15:44:01.733+0300][145.252s][info ][gc] GC(269) Pause Full (G1 Evacuation Pause) 1021M->1020M(1024M) 836.098ms
[2020-05-11T15:44:01.733+0300][145.252s][info ][gc] GC(270) Concurrent Cycle 836.715ms
[2020-05-11T15:44:01.749+0300][145.267s][info ][gc] GC(271) To-space exhausted
[2020-05-11T15:44:01.749+0300][145.268s][info ][gc] GC(271) Pause Young (Normal) (G1 Evacuation Pause) 1022M->1022M(1024M) 1.715ms
[2020-05-11T15:44:02.592+0300][146.110s][info ][gc] GC(272) Pause Full (G1 Evacuation Pause) 1022M->1020M(1024M) 842.459ms
[2020-05-11T15:44:02.606+0300][146.124s][info ][gc] GC(273) To-space exhausted
[2020-05-11T15:44:02.606+0300][146.125s][info ][gc] GC(273) Pause Young (Concurrent Start) (G1 Evacuation Pause) 1022M->1022M(1024M) 1.995ms
[2020-05-11T15:44:02.606+0300][146.125s][info ][gc] GC(275) Concurrent Cycle
[2020-05-11T15:44:02.608+0300][146.126s][debug][gc] GC(274) Clear Next Bitmap 1.570ms
[2020-05-11T15:44:03.450+0300][146.968s][info ][gc] GC(274) Pause Full (G1 Evacuation Pause) 1022M->1020M(1024M) 843.177ms
[2020-05-11T15:44:03.450+0300][146.968s][info ][gc] GC(275) Concurrent Cycle 843.802ms
[2020-05-11T15:44:03.477+0300][146.996s][info ][gc] GC(276) To-space exhausted
[2020-05-11T15:44:03.478+0300][146.996s][info ][gc] GC(276) Pause Young (Normal) (G1 Evacuation Pause) 1022M->1022M(1024M) 1.689ms
[2020-05-11T15:44:04.317+0300][147.836s][info ][gc] GC(277) Pause Full (G1 Evacuation Pause) 1022M->1020M(1024M) 840.531ms
[2020-05-11T15:44:04.336+0300][147.855s][info ][gc] GC(278) To-space exhausted
[2020-05-11T15:44:04.336+0300][147.855s][info ][gc] GC(278) Pause Young (Concurrent Start) (G1 Evacuation Pause) 1021M->1021M(1024M) 1.722ms
[2020-05-11T15:44:04.336+0300][147.855s][info ][gc] GC(280) Concurrent Cycle
[2020-05-11T15:44:04.338+0300][147.857s][debug][gc] GC(279) Clear Next Bitmap 1.470ms
[2020-05-11T15:44:05.178+0300][148.697s][info ][gc] GC(279) Pause Full (G1 Evacuation Pause) 1021M->1021M(1024M) 841.424ms
[2020-05-11T15:44:05.179+0300][148.697s][info ][gc] GC(280) Concurrent Cycle 842.011ms
[2020-05-11T15:44:05.192+0300][148.711s][info ][gc] GC(281) To-space exhausted
[2020-05-11T15:44:05.192+0300][148.711s][info ][gc] GC(281) Pause Young (Normal) (G1 Evacuation Pause) 1023M->1023M(1024M) 1.661ms
[2020-05-11T15:44:06.032+0300][149.550s][info ][gc] GC(282) Pause Full (G1 Evacuation Pause) 1023M->1021M(1024M) 839.557ms
[2020-05-11T15:44:06.037+0300][149.556s][info ][gc] GC(283) To-space exhausted
[2020-05-11T15:44:06.037+0300][149.556s][info ][gc] GC(283) Pause Young (Concurrent Start) (G1 Evacuation Pause) 1022M->1022M(1024M) 1.407ms
[2020-05-11T15:44:06.037+0300][149.556s][info ][gc] GC(285) Concurrent Cycle
[2020-05-11T15:44:06.039+0300][149.557s][debug][gc] GC(284) Clear Next Bitmap 1.220ms
[2020-05-11T15:44:06.884+0300][150.402s][info ][gc] GC(284) Pause Full (G1 Evacuation Pause) 1022M->1021M(1024M) 846.592ms
[2020-05-11T15:44:06.885+0300][150.403s][info ][gc] GC(285) Concurrent Cycle 847.222ms
[2020-05-11T15:44:06.893+0300][150.411s][info ][gc] GC(286) To-space exhausted
[2020-05-11T15:44:06.893+0300][150.411s][info ][gc] GC(286) Pause Young (Normal) (G1 Evacuation Pause) 1022M->1022M(1024M) 2.001ms
[2020-05-11T15:44:07.753+0300][151.271s][info ][gc] GC(287) Pause Full (G1 Evacuation Pause) 1022M->1021M(1024M) 860.340ms
[2020-05-11T15:44:07.762+0300][151.280s][info ][gc] GC(288) To-space exhausted
[2020-05-11T15:44:07.762+0300][151.281s][info ][gc] GC(288) Pause Young (Concurrent Start) (G1 Evacuation Pause) 1022M->1022M(1024M) 1.776ms
[2020-05-11T15:44:07.762+0300][151.281s][info ][gc] GC(290) Concurrent Cycle
[2020-05-11T15:44:07.763+0300][151.282s][debug][gc] GC(289) Clear Next Bitmap 1.255ms
[2020-05-11T15:44:08.603+0300][152.122s][info ][gc] GC(289) Pause Full (G1 Evacuation Pause) 1022M->1021M(1024M) 841.196ms
[2020-05-11T15:44:08.604+0300][152.122s][info ][gc] GC(290) Concurrent Cycle 841.782ms
[2020-05-11T15:44:08.612+0300][152.130s][info ][gc] GC(291) To-space exhausted
[2020-05-11T15:44:08.612+0300][152.130s][info ][gc] GC(291) Pause Young (Normal) (G1 Evacuation Pause) 1022M->1022M(1024M) 1.855ms
[2020-05-11T15:44:09.458+0300][152.976s][info ][gc] GC(292) Pause Full (G1 Evacuation Pause) 1022M->1021M(1024M) 845.333ms
[2020-05-11T15:44:09.467+0300][152.985s][info ][gc] GC(293) To-space exhausted
[2020-05-11T15:44:09.467+0300][152.985s][info ][gc] GC(293) Pause Young (Concurrent Start) (G1 Evacuation Pause) 1022M->1022M(1024M) 1.836ms
[2020-05-11T15:44:09.467+0300][152.985s][info ][gc] GC(295) Concurrent Cycle
[2020-05-11T15:44:09.468+0300][152.987s][debug][gc] GC(294) Clear Next Bitmap 1.157ms
[2020-05-11T15:44:10.312+0300][153.831s][info ][gc] GC(294) Pause Full (G1 Evacuation Pause) 1022M->1021M(1024M) 845.819ms
[2020-05-11T15:44:10.313+0300][153.832s][info ][gc] GC(295) Concurrent Cycle 846.413ms
[2020-05-11T15:44:10.320+0300][153.839s][info ][gc] GC(296) To-space exhausted
[2020-05-11T15:44:10.320+0300][153.839s][info ][gc] GC(296) Pause Young (Normal) (G1 Evacuation Pause) 1022M->1022M(1024M) 1.598ms
[2020-05-11T15:44:11.160+0300][154.679s][info ][gc] GC(297) Pause Full (G1 Evacuation Pause) 1022M->1021M(1024M) 839.566ms
[2020-05-11T15:44:11.175+0300][154.693s][info ][gc] GC(298) To-space exhausted
[2020-05-11T15:44:11.175+0300][154.693s][info ][gc] GC(298) Pause Young (Concurrent Start) (G1 Evacuation Pause) 1023M->1023M(1024M) 2.072ms
[2020-05-11T15:44:11.175+0300][154.694s][info ][gc] GC(300) Concurrent Cycle
[2020-05-11T15:44:11.176+0300][154.695s][debug][gc] GC(299) Clear Next Bitmap 1.191ms
[2020-05-11T15:44:12.025+0300][155.544s][info ][gc] GC(299) Pause Full (G1 Evacuation Pause) 1023M->1021M(1024M) 850.008ms
[2020-05-11T15:44:12.026+0300][155.544s][info ][gc] GC(300) Concurrent Cycle 850.761ms
[2020-05-11T15:44:12.034+0300][155.552s][info ][gc] GC(301) To-space exhausted
[2020-05-11T15:44:12.034+0300][155.552s][info ][gc] GC(301) Pause Young (Normal) (G1 Evacuation Pause) 1022M->1022M(1024M) 1.558ms
[2020-05-11T15:44:12.875+0300][156.393s][info ][gc] GC(302) Pause Full (G1 Evacuation Pause) 1022M->1021M(1024M) 840.711ms
[2020-05-11T15:44:12.881+0300][156.401s][info ][gc] GC(303) To-space exhausted
[2020-05-11T15:44:12.882+0300][156.401s][info ][gc] GC(303) Pause Young (Concurrent Start) (G1 Evacuation Pause) 1022M->1022M(1024M) 1.755ms
[2020-05-11T15:44:12.882+0300][156.401s][info ][gc] GC(305) Concurrent Cycle
[2020-05-11T15:44:12.884+0300][156.402s][debug][gc] GC(304) Clear Next Bitmap 1.180ms
[2020-05-11T15:44:13.721+0300][157.239s][info ][gc] GC(304) Pause Full (G1 Evacuation Pause) 1022M->1021M(1024M) 838.577ms
[2020-05-11T15:44:13.721+0300][157.240s][info ][gc] GC(305) Concurrent Cycle 839.199ms
[2020-05-11T15:44:13.728+0300][157.247s][info ][gc] GC(306) To-space exhausted
[2020-05-11T15:44:13.729+0300][157.247s][info ][gc] GC(306) Pause Young (Normal) (G1 Evacuation Pause) 1022M->1022M(1024M) 1.766ms
[2020-05-11T15:44:14.577+0300][158.096s][info ][gc] GC(307) Pause Full (G1 Evacuation Pause) 1022M->1021M(1024M) 848.056ms
[2020-05-11T15:44:14.585+0300][158.103s][info ][gc] GC(308) To-space exhausted
[2020-05-11T15:44:14.585+0300][158.104s][info ][gc] GC(308) Pause Young (Concurrent Start) (G1 Evacuation Pause) 1022M->1022M(1024M) 1.829ms
[2020-05-11T15:44:14.585+0300][158.104s][info ][gc] GC(310) Concurrent Cycle
[2020-05-11T15:44:14.587+0300][158.105s][debug][gc] GC(309) Clear Next Bitmap 1.486ms
[2020-05-11T15:44:15.434+0300][158.952s][info ][gc] GC(309) Pause Full (G1 Evacuation Pause) 1022M->1021M(1024M) 848.019ms
[2020-05-11T15:44:15.434+0300][158.952s][info ][gc] GC(310) Concurrent Cycle 848.641ms
[2020-05-11T15:44:15.439+0300][158.957s][info ][gc] GC(311) To-space exhausted
[2020-05-11T15:44:15.439+0300][158.957s][info ][gc] GC(311) Pause Young (Normal) (G1 Evacuation Pause) 1022M->1022M(1024M) 1.188ms
[2020-05-11T15:44:16.281+0300][159.800s][info ][gc] GC(312) Pause Full (G1 Evacuation Pause) 1022M->1021M(1024M) 842.950ms
[2020-05-11T15:44:16.295+0300][159.814s][info ][gc] GC(313) To-space exhausted
[2020-05-11T15:44:16.295+0300][159.814s][info ][gc] GC(313) Pause Young (Concurrent Start) (G1 Evacuation Pause) 1022M->1022M(1024M) 1.751ms
[2020-05-11T15:44:16.295+0300][159.814s][info ][gc] GC(315) Concurrent Cycle
[2020-05-11T15:44:16.297+0300][159.816s][debug][gc] GC(314) Clear Next Bitmap 1.153ms
[2020-05-11T15:44:17.141+0300][160.659s][info ][gc] GC(314) Pause Full (G1 Evacuation Pause) 1022M->1021M(1024M) 845.049ms
[2020-05-11T15:44:17.141+0300][160.660s][info ][gc] GC(315) Concurrent Cycle 845.634ms
[2020-05-11T15:44:17.146+0300][160.665s][info ][gc] GC(316) To-space exhausted
[2020-05-11T15:44:17.146+0300][160.665s][info ][gc] GC(316) Pause Young (Normal) (G1 Evacuation Pause) 1022M->1022M(1024M) 1.315ms
[2020-05-11T15:44:17.999+0300][161.517s][info ][gc] GC(317) Pause Full (G1 Evacuation Pause) 1022M->1021M(1024M) 852.043ms
[2020-05-11T15:44:18.012+0300][161.530s][info ][gc] GC(318) To-space exhausted
[2020-05-11T15:44:18.012+0300][161.530s][info ][gc] GC(318) Pause Young (Concurrent Start) (G1 Evacuation Pause) 1023M->1023M(1024M) 2.076ms
[2020-05-11T15:44:18.012+0300][161.530s][info ][gc] GC(320) Concurrent Cycle
[2020-05-11T15:44:18.013+0300][161.532s][debug][gc] GC(319) Clear Next Bitmap 1.186ms
[2020-05-11T15:44:18.870+0300][162.389s][info ][gc] GC(319) Pause Full (G1 Evacuation Pause) 1023M->1021M(1024M) 858.762ms
[2020-05-11T15:44:18.871+0300][162.390s][info ][gc] GC(320) Concurrent Cycle 859.383ms
[2020-05-11T15:44:18.879+0300][162.398s][info ][gc] GC(321) To-space exhausted
[2020-05-11T15:44:18.879+0300][162.398s][info ][gc] GC(321) Pause Young (Normal) (G1 Evacuation Pause) 1022M->1022M(1024M) 1.591ms
[2020-05-11T15:44:19.719+0300][163.238s][info ][gc] GC(322) Pause Full (G1 Evacuation Pause) 1022M->1022M(1024M) 840.336ms
[2020-05-11T15:44:19.729+0300][163.248s][info ][gc] GC(323) To-space exhausted
[2020-05-11T15:44:19.729+0300][163.248s][info ][gc] GC(323) Pause Young (Concurrent Start) (G1 Evacuation Pause) 1023M->1023M(1024M) 2.273ms
[2020-05-11T15:44:19.729+0300][163.248s][info ][gc] GC(325) Concurrent Cycle
[2020-05-11T15:44:19.731+0300][163.249s][debug][gc] GC(324) Clear Next Bitmap 1.352ms
[2020-05-11T15:44:20.580+0300][164.099s][info ][gc] GC(324) Pause Full (G1 Evacuation Pause) 1023M->1022M(1024M) 850.820ms
[2020-05-11T15:44:20.581+0300][164.099s][info ][gc] GC(325) Concurrent Cycle 851.448ms
[2020-05-11T15:44:20.589+0300][164.108s][info ][gc] GC(326) To-space exhausted
[2020-05-11T15:44:20.589+0300][164.108s][info ][gc] GC(326) Pause Young (Normal) (G1 Evacuation Pause) 1023M->1023M(1024M) 2.316ms
[2020-05-11T15:44:21.442+0300][164.961s][info ][gc] GC(327) Pause Full (G1 Evacuation Pause) 1023M->1022M(1024M) 852.613ms
[2020-05-11T15:44:21.454+0300][164.972s][info ][gc] GC(328) To-space exhausted
[2020-05-11T15:44:21.454+0300][164.973s][info ][gc] GC(328) Pause Young (Concurrent Start) (G1 Evacuation Pause) 1023M->1023M(1024M) 1.986ms
[2020-05-11T15:44:21.455+0300][164.973s][info ][gc] GC(330) Concurrent Cycle
[2020-05-11T15:44:21.456+0300][164.974s][debug][gc] GC(329) Clear Next Bitmap 1.256ms
[2020-05-11T15:44:22.302+0300][165.821s][info ][gc] GC(329) Pause Full (G1 Evacuation Pause) 1023M->1022M(1024M) 848.038ms
[2020-05-11T15:44:22.302+0300][165.821s][info ][gc] GC(330) Concurrent Cycle 848.676ms
[2020-05-11T15:44:22.310+0300][165.829s][info ][gc] GC(331) To-space exhausted
[2020-05-11T15:44:22.310+0300][165.829s][info ][gc] GC(331) Pause Young (Normal) (G1 Evacuation Pause) 1023M->1023M(1024M) 1.692ms
[2020-05-11T15:44:23.161+0300][166.680s][info ][gc] GC(332) Pause Full (G1 Evacuation Pause) 1023M->1022M(1024M) 850.304ms
[2020-05-11T15:44:23.170+0300][166.688s][info ][gc] GC(333) To-space exhausted
[2020-05-11T15:44:23.170+0300][166.689s][info ][gc] GC(333) Pause Young (Concurrent Start) (G1 Evacuation Pause) 1023M->1023M(1024M) 1.997ms
[2020-05-11T15:44:23.170+0300][166.689s][info ][gc] GC(335) Concurrent Cycle
[2020-05-11T15:44:23.171+0300][166.690s][debug][gc] GC(334) Clear Next Bitmap 1.188ms
[2020-05-11T15:44:24.019+0300][167.537s][info ][gc] GC(334) Pause Full (G1 Evacuation Pause) 1023M->1022M(1024M) 848.158ms
[2020-05-11T15:44:24.019+0300][167.537s][info ][gc] GC(335) Concurrent Cycle 848.773ms
[2020-05-11T15:44:24.027+0300][167.545s][info ][gc] GC(336) To-space exhausted
[2020-05-11T15:44:24.027+0300][167.545s][info ][gc] GC(336) Pause Young (Normal) (G1 Evacuation Pause) 1023M->1023M(1024M) 1.950ms
[2020-05-11T15:44:24.878+0300][168.397s][info ][gc] GC(337) Pause Full (G1 Evacuation Pause) 1023M->1022M(1024M) 851.250ms
[2020-05-11T15:44:24.887+0300][168.406s][info ][gc] GC(338) To-space exhausted
[2020-05-11T15:44:24.887+0300][168.406s][info ][gc] GC(338) Pause Young (Concurrent Start) (G1 Evacuation Pause) 1023M->1023M(1024M) 2.044ms
[2020-05-11T15:44:24.887+0300][168.406s][info ][gc] GC(340) Concurrent Cycle
[2020-05-11T15:44:24.888+0300][168.407s][debug][gc] GC(339) Clear Next Bitmap 1.183ms
[2020-05-11T15:44:25.733+0300][169.251s][info ][gc] GC(339) Pause Full (G1 Evacuation Pause) 1023M->1022M(1024M) 845.409ms
[2020-05-11T15:44:25.733+0300][169.252s][info ][gc] GC(340) Concurrent Cycle 846.009ms
[2020-05-11T15:44:25.742+0300][169.260s][info ][gc] GC(341) To-space exhausted
[2020-05-11T15:44:25.742+0300][169.260s][info ][gc] GC(341) Pause Young (Normal) (G1 Evacuation Pause) 1023M->1023M(1024M) 1.833ms
[2020-05-11T15:44:26.596+0300][170.114s][info ][gc] GC(342) Pause Full (G1 Evacuation Pause) 1023M->1022M(1024M) 853.552ms
[2020-05-11T15:44:26.605+0300][170.123s][info ][gc] GC(343) To-space exhausted
[2020-05-11T15:44:26.605+0300][170.123s][info ][gc] GC(343) Pause Young (Concurrent Start) (G1 Evacuation Pause) 1023M->1023M(1024M) 2.343ms
[2020-05-11T15:44:26.605+0300][170.123s][info ][gc] GC(345) Concurrent Cycle
[2020-05-11T15:44:26.606+0300][170.124s][debug][gc] GC(344) Clear Next Bitmap 1.215ms
[2020-05-11T15:44:27.456+0300][170.974s][info ][gc] GC(344) Pause Full (G1 Evacuation Pause) 1023M->1022M(1024M) 850.771ms
[2020-05-11T15:44:27.456+0300][170.974s][info ][gc] GC(345) Concurrent Cycle 851.401ms
[2020-05-11T15:44:27.464+0300][170.982s][info ][gc] GC(346) To-space exhausted
[2020-05-11T15:44:27.464+0300][170.982s][info ][gc] GC(346) Pause Young (Normal) (G1 Evacuation Pause) 1023M->1023M(1024M) 1.735ms
[2020-05-11T15:44:28.313+0300][171.831s][info ][gc] GC(347) Pause Full (G1 Evacuation Pause) 1023M->1022M(1024M) 849.440ms
[2020-05-11T15:44:28.322+0300][171.841s][info ][gc] GC(348) To-space exhausted
[2020-05-11T15:44:28.322+0300][171.841s][info ][gc] GC(348) Pause Young (Concurrent Start) (G1 Evacuation Pause) 1023M->1023M(1024M) 1.857ms
[2020-05-11T15:44:28.322+0300][171.841s][info ][gc] GC(350) Concurrent Cycle
[2020-05-11T15:44:28.324+0300][171.843s][debug][gc] GC(349) Clear Next Bitmap 1.174ms
[2020-05-11T15:44:29.180+0300][172.698s][info ][gc] GC(349) Pause Full (G1 Evacuation Pause) 1023M->1022M(1024M) 856.717ms
[2020-05-11T15:44:29.180+0300][172.699s][info ][gc] GC(350) Concurrent Cycle 857.330ms
[2020-05-11T15:44:29.188+0300][172.707s][info ][gc] GC(351) To-space exhausted
[2020-05-11T15:44:29.188+0300][172.707s][info ][gc] GC(351) Pause Young (Normal) (G1 Evacuation Pause) 1023M->1023M(1024M) 1.846ms
[2020-05-11T15:44:30.085+0300][173.603s][info ][gc] GC(352) Pause Full (G1 Evacuation Pause) 1023M->1022M(1024M) 896.240ms
[2020-05-11T15:44:30.094+0300][173.613s][info ][gc] GC(353) To-space exhausted
[2020-05-11T15:44:30.094+0300][173.613s][info ][gc] GC(353) Pause Young (Concurrent Start) (G1 Evacuation Pause) 1023M->1023M(1024M) 2.000ms
[2020-05-11T15:44:30.094+0300][173.613s][info ][gc] GC(355) Concurrent Cycle
[2020-05-11T15:44:30.096+0300][173.615s][debug][gc] GC(354) Clear Next Bitmap 1.433ms
[2020-05-11T15:44:30.953+0300][174.471s][info ][gc] GC(354) Pause Full (G1 Evacuation Pause) 1023M->1022M(1024M) 857.934ms
[2020-05-11T15:44:30.953+0300][174.472s][info ][gc] GC(355) Concurrent Cycle 858.616ms
[2020-05-11T15:44:30.967+0300][174.485s][info ][gc] GC(356) To-space exhausted
[2020-05-11T15:44:30.967+0300][174.486s][info ][gc] GC(356) Pause Young (Normal) (G1 Evacuation Pause) 1023M->1023M(1024M) 1.987ms
[2020-05-11T15:44:31.809+0300][175.327s][info ][gc] GC(357) Pause Full (G1 Evacuation Pause) 1023M->1022M(1024M) 841.271ms
[2020-05-11T15:44:31.817+0300][175.336s][info ][gc] GC(358) To-space exhausted
[2020-05-11T15:44:31.818+0300][175.336s][info ][gc] GC(358) Pause Young (Concurrent Start) (G1 Evacuation Pause) 1023M->1023M(1024M) 2.004ms
[2020-05-11T15:44:31.818+0300][175.336s][info ][gc] GC(360) Concurrent Cycle
[2020-05-11T15:44:31.819+0300][175.337s][debug][gc] GC(359) Clear Next Bitmap 1.194ms
[2020-05-11T15:44:32.659+0300][176.177s][info ][gc] GC(359) Pause Full (G1 Evacuation Pause) 1023M->1022M(1024M) 841.370ms
[2020-05-11T15:44:32.660+0300][176.178s][info ][gc] GC(360) Concurrent Cycle 842.013ms
[2020-05-11T15:44:32.669+0300][176.187s][info ][gc] GC(361) To-space exhausted
[2020-05-11T15:44:32.669+0300][176.187s][info ][gc] GC(361) Pause Young (Normal) (G1 Evacuation Pause) 1023M->1023M(1024M) 1.812ms
[2020-05-11T15:44:33.514+0300][177.033s][info ][gc] GC(362) Pause Full (G1 Evacuation Pause) 1023M->1022M(1024M) 845.486ms
[2020-05-11T15:44:33.523+0300][177.041s][info ][gc] GC(363) To-space exhausted
[2020-05-11T15:44:33.523+0300][177.042s][info ][gc] GC(363) Pause Young (Concurrent Start) (G1 Evacuation Pause) 1023M->1023M(1024M) 2.152ms
[2020-05-11T15:44:33.523+0300][177.042s][info ][gc] GC(365) Concurrent Cycle
[2020-05-11T15:44:33.524+0300][177.043s][debug][gc] GC(364) Clear Next Bitmap 1.225ms
[2020-05-11T15:44:34.381+0300][177.900s][info ][gc] GC(364) Pause Full (G1 Evacuation Pause) 1023M->1022M(1024M) 857.825ms
[2020-05-11T15:44:34.382+0300][177.900s][info ][gc] GC(365) Concurrent Cycle 858.446ms
[2020-05-11T15:44:34.389+0300][177.907s][info ][gc] GC(366) To-space exhausted
[2020-05-11T15:44:34.389+0300][177.907s][info ][gc] GC(366) Pause Young (Normal) (G1 Evacuation Pause) 1023M->1023M(1024M) 1.590ms
[2020-05-11T15:44:35.233+0300][178.751s][info ][gc] GC(367) Pause Full (G1 Evacuation Pause) 1023M->1022M(1024M) 843.435ms
[2020-05-11T15:44:35.243+0300][178.761s][info ][gc] GC(368) To-space exhausted
[2020-05-11T15:44:35.243+0300][178.761s][info ][gc] GC(368) Pause Young (Concurrent Start) (G1 Evacuation Pause) 1023M->1023M(1024M) 1.785ms
[2020-05-11T15:44:35.243+0300][178.761s][info ][gc] GC(370) Concurrent Cycle
[2020-05-11T15:44:35.244+0300][178.763s][debug][gc] GC(369) Clear Next Bitmap 1.291ms
[2020-05-11T15:44:36.094+0300][179.613s][info ][gc] GC(369) Pause Full (G1 Evacuation Pause) 1023M->1023M(1024M) 851.158ms
[2020-05-11T15:44:36.921+0300][180.440s][info ][gc] GC(371) Pause Full (G1 Evacuation Pause) 1023M->1023M(1024M) 826.687ms
[2020-05-11T15:44:36.922+0300][180.440s][info ][gc] GC(370) Concurrent Cycle 1679.086ms
[2020-05-11T15:44:36.922+0300][180.441s][info ][gc] GC(372) Pause Young (Normal) (G1 Evacuation Pause) 1023M->1023M(1024M) 0.364ms
[2020-05-11T15:44:37.743+0300][181.262s][info ][gc] GC(373) Pause Full (G1 Evacuation Pause) 1023M->1023M(1024M) 820.991ms
[2020-05-11T15:44:38.569+0300][182.087s][info ][gc] GC(374) Pause Full (G1 Evacuation Pause) 1023M->1023M(1024M) 824.940ms
[2020-05-11T15:44:38.570+0300][182.089s][info ][gc] GC(375) Pause Young (Concurrent Start) (G1 Evacuation Pause) 1023M->1023M(1024M) 0.511ms
[2020-05-11T15:44:38.570+0300][182.089s][info ][gc] GC(377) Concurrent Cycle
[2020-05-11T15:44:38.572+0300][182.090s][debug][gc] GC(376) Clear Next Bitmap 1.513ms
[2020-05-11T15:44:39.402+0300][182.920s][info ][gc] GC(376) Pause Full (G1 Evacuation Pause) 1023M->1023M(1024M) 831.505ms
[2020-05-11T15:44:40.227+0300][183.746s][info ][gc] GC(378) Pause Full (G1 Evacuation Pause) 1023M->1023M(1024M) 824.814ms
[2020-05-11T15:44:40.227+0300][183.746s][info ][gc] GC(377) Concurrent Cycle 1657.507ms
[2020-05-11T15:44:40.228+0300][183.747s][info ][gc] GC(379) Pause Young (Normal) (G1 Evacuation Pause) 1023M->1023M(1024M) 0.352ms
[2020-05-11T15:44:41.145+0300][184.663s][info ][gc] GC(380) Pause Full (G1 Evacuation Pause) 1023M->1023M(1024M) 916.499ms
[2020-05-11T15:44:42.051+0300][185.569s][info ][gc] GC(381) Pause Full (G1 Evacuation Pause) 1023M->1023M(1024M) 905.536ms
[2020-05-11T15:44:42.052+0300][185.571s][info ][gc] GC(382) Pause Young (Concurrent Start) (G1 Evacuation Pause) 1023M->1023M(1024M) 0.512ms
[2020-05-11T15:44:42.053+0300][185.571s][info ][gc] GC(384) Concurrent Cycle
[2020-05-11T15:44:42.054+0300][185.572s][debug][gc] GC(383) Clear Next Bitmap 1.245ms
[2020-05-11T15:44:42.967+0300][186.486s][info ][gc] GC(383) Pause Full (G1 Evacuation Pause) 1023M->1023M(1024M) 914.976ms
[2020-05-11T15:44:43.841+0300][187.359s][info ][gc] GC(385) Pause Full (G1 Evacuation Pause) 1023M->1023M(1024M) 872.794ms
[2020-05-11T15:44:43.841+0300][187.359s][info ][gc] GC(384) Concurrent Cycle 1788.831ms
[2020-05-11T15:44:43.842+0300][187.360s][info ][gc] GC(386) Pause Young (Normal) (G1 Evacuation Pause) 1023M->1023M(1024M) 0.321ms
[2020-05-11T15:44:43.852+0300][187.370s][info ][gc] GC(387) Pause Full (G1 Evacuation Pause) 1023M->2M(1024M) 9.903ms
